Component: Arm Compiler for Embedded 6.21 Tool: armlink [5ec1fa00]

==============================================================================

Section Cross References

    dl_adc12.o(.ARM.exidx.text.DL_ADC12_setClockConfig) refers to dl_adc12.o(.text.DL_ADC12_setClockConfig) for [Anonymous Symbol]
    dl_adc12.o(.ARM.exidx.text.DL_ADC12_getClockConfig) refers to dl_adc12.o(.text.DL_ADC12_getClockConfig) for [Anonymous Symbol]
    dl_common.o(.ARM.exidx.text.DL_Common_delayCycles) refers to dl_common.o(.text.DL_Common_delayCycles) for [Anonymous Symbol]
    dl_crc.o(.ARM.exidx.text.DL_CRC_calculateBlock32) refers to dl_crc.o(.text.DL_CRC_calculateBlock32) for [Anonymous Symbol]
    dl_crc.o(.ARM.exidx.text.DL_CRC_calculateMemoryRange32) refers to dl_crc.o(.text.DL_CRC_calculateMemoryRange32) for [Anonymous Symbol]
    dl_crc.o(.ARM.exidx.text.DL_CRC_calculateBlock16) refers to dl_crc.o(.text.DL_CRC_calculateBlock16) for [Anonymous Symbol]
    dl_crc.o(.ARM.exidx.text.DL_CRC_calculateMemoryRange16) refers to dl_crc.o(.text.DL_CRC_calculateMemoryRange16) for [Anonymous Symbol]
    dl_dma.o(.ARM.exidx.text.DL_DMA_initChannel) refers to dl_dma.o(.text.DL_DMA_initChannel) for [Anonymous Symbol]
    dl_flashctl.o(.ARM.exidx.text.DL_FlashCTL_eraseMemory) refers to dl_flashctl.o(.text.DL_FlashCTL_eraseMemory) for [Anonymous Symbol]
    dl_flashctl.o(.text.DL_FlashCTL_eraseMemoryFromRAM) refers to dl_flashctl.o(.ramfunc) for DL_FlashCTL_executeCommandFromRAM
    dl_flashctl.o(.ARM.exidx.text.DL_FlashCTL_eraseMemoryFromRAM) refers to dl_flashctl.o(.text.DL_FlashCTL_eraseMemoryFromRAM) for [Anonymous Symbol]
    dl_flashctl.o(.ARM.exidx.ramfunc) refers to dl_flashctl.o(.ramfunc) for [Anonymous Symbol]
    dl_flashctl.o(.text.DL_FlashCTL_massErase) refers to dl_flashctl.o(.text.DL_FlashCTL_unprotectSector) for DL_FlashCTL_unprotectSector
    dl_flashctl.o(.ARM.exidx.text.DL_FlashCTL_massErase) refers to dl_flashctl.o(.text.DL_FlashCTL_massErase) for [Anonymous Symbol]
    dl_flashctl.o(.ARM.exidx.text.DL_FlashCTL_unprotectMainMemory) refers to dl_flashctl.o(.text.DL_FlashCTL_unprotectMainMemory) for [Anonymous Symbol]
    dl_flashctl.o(.ARM.exidx.text.DL_FlashCTL_protectNonMainMemory) refers to dl_flashctl.o(.text.DL_FlashCTL_protectNonMainMemory) for [Anonymous Symbol]
    dl_flashctl.o(.text.DL_FlashCTL_eraseDataBank) refers to dl_flashctl.o(.text.DL_FlashCTL_unprotectSector) for DL_FlashCTL_unprotectSector
    dl_flashctl.o(.ARM.exidx.text.DL_FlashCTL_eraseDataBank) refers to dl_flashctl.o(.text.DL_FlashCTL_eraseDataBank) for [Anonymous Symbol]
    dl_flashctl.o(.text.DL_FlashCTL_massEraseFromRAM) refers to dl_flashctl.o(.ramfunc) for DL_FlashCTL_executeCommandFromRAM
    dl_flashctl.o(.text.DL_FlashCTL_massEraseFromRAM) refers to uidiv_div0.o(.text) for __aeabi_uidiv
    dl_flashctl.o(.ARM.exidx.text.DL_FlashCTL_massEraseFromRAM) refers to dl_flashctl.o(.text.DL_FlashCTL_massEraseFromRAM) for [Anonymous Symbol]
    dl_flashctl.o(.text.DL_FlashCTL_eraseDataBankFromRAM) refers to dl_flashctl.o(.text.DL_FlashCTL_unprotectSector) for DL_FlashCTL_unprotectSector
    dl_flashctl.o(.ARM.exidx.text.DL_FlashCTL_eraseDataBankFromRAM) refers to dl_flashctl.o(.text.DL_FlashCTL_eraseDataBankFromRAM) for [Anonymous Symbol]
    dl_flashctl.o(.text.DL_FlashCTL_massEraseMultiBank) refers to uidiv_div0.o(.text) for __aeabi_uidiv
    dl_flashctl.o(.text.DL_FlashCTL_massEraseMultiBank) refers to dl_flashctl.o(.text.DL_FlashCTL_unprotectSector) for DL_FlashCTL_unprotectSector
    dl_flashctl.o(.ARM.exidx.text.DL_FlashCTL_massEraseMultiBank) refers to dl_flashctl.o(.text.DL_FlashCTL_massEraseMultiBank) for [Anonymous Symbol]
    dl_flashctl.o(.text.DL_FlashCTL_factoryReset) refers to dl_flashctl.o(.text.DL_FlashCTL_massErase) for DL_FlashCTL_massErase
    dl_flashctl.o(.ARM.exidx.text.DL_FlashCTL_factoryReset) refers to dl_flashctl.o(.text.DL_FlashCTL_factoryReset) for [Anonymous Symbol]
    dl_flashctl.o(.ARM.exidx.text.DL_FlashCTL_unprotectNonMainMemory) refers to dl_flashctl.o(.text.DL_FlashCTL_unprotectNonMainMemory) for [Anonymous Symbol]
    dl_flashctl.o(.text.DL_FlashCTL_factoryResetFromRAM) refers to dl_flashctl.o(.text.DL_FlashCTL_massEraseFromRAM) for DL_FlashCTL_massEraseFromRAM
    dl_flashctl.o(.text.DL_FlashCTL_factoryResetFromRAM) refers to dl_flashctl.o(.ramfunc) for DL_FlashCTL_executeCommandFromRAM
    dl_flashctl.o(.ARM.exidx.text.DL_FlashCTL_factoryResetFromRAM) refers to dl_flashctl.o(.text.DL_FlashCTL_factoryResetFromRAM) for [Anonymous Symbol]
    dl_flashctl.o(.text.DL_FlashCTL_factoryResetMultiBank) refers to dl_flashctl.o(.text.DL_FlashCTL_massEraseMultiBank) for DL_FlashCTL_massEraseMultiBank
    dl_flashctl.o(.ARM.exidx.text.DL_FlashCTL_factoryResetMultiBank) refers to dl_flashctl.o(.text.DL_FlashCTL_factoryResetMultiBank) for [Anonymous Symbol]
    dl_flashctl.o(.ARM.exidx.text.DL_FlashCTL_programMemory8) refers to dl_flashctl.o(.text.DL_FlashCTL_programMemory8) for [Anonymous Symbol]
[...]
    Removing dl_opa.o(.ARM.exidx.text.DL_OPA_decreaseGain), (8 bytes).
    Removing dl_rtc_common.o(.text), (0 bytes).
    Removing dl_spi.o(.text), (0 bytes).
    Removing dl_spi.o(.text.DL_SPI_init), (68 bytes).
    Removing dl_spi.o(.ARM.exidx.text.DL_SPI_init), (8 bytes).
    Removing dl_spi.o(.text.DL_SPI_setClockConfig), (18 bytes).
    Removing dl_spi.o(.ARM.exidx.text.DL_SPI_setClockConfig), (8 bytes).
    Removing dl_spi.o(.text.DL_SPI_getClockConfig), (16 bytes).
    Removing dl_spi.o(.ARM.exidx.text.DL_SPI_getClockConfig), (8 bytes).
    Removing dl_spi.o(.text.DL_SPI_receiveDataBlocking8), (40 bytes).
    Removing dl_spi.o(.ARM.exidx.text.DL_SPI_receiveDataBlocking8), (8 bytes).
    Removing dl_spi.o(.text.DL_SPI_receiveDataBlocking16), (40 bytes).
    Removing dl_spi.o(.ARM.exidx.text.DL_SPI_receiveDataBlocking16), (8 bytes).
    Removing dl_spi.o(.text.DL_SPI_receiveDataBlocking32), (36 bytes).
    Removing dl_spi.o(.ARM.exidx.text.DL_SPI_receiveDataBlocking32), (8 bytes).
    Removing dl_spi.o(.text.DL_SPI_transmitDataBlocking8), (36 bytes).
    Removing dl_spi.o(.ARM.exidx.text.DL_SPI_transmitDataBlocking8), (8 bytes).
    Removing dl_spi.o(.text.DL_SPI_transmitDataBlocking16), (36 bytes).
    Removing dl_spi.o(.ARM.exidx.text.DL_SPI_transmitDataBlocking16), (8 bytes).
    Removing dl_spi.o(.text.DL_SPI_transmitDataBlocking32), (36 bytes).
    Removing dl_spi.o(.ARM.exidx.text.DL_SPI_transmitDataBlocking32), (8 bytes).
    Removing dl_spi.o(.text.DL_SPI_receiveDataCheck8), (28 bytes).
    Removing dl_spi.o(.ARM.exidx.text.DL_SPI_receiveDataCheck8), (8 bytes).
    Removing dl_spi.o(.text.DL_SPI_receiveDataCheck16), (28 bytes).
    Removing dl_spi.o(.ARM.exidx.text.DL_SPI_receiveDataCheck16), (8 bytes).
    Removing dl_spi.o(.text.DL_SPI_receiveDataCheck32), (28 bytes).
    Removing dl_spi.o(.ARM.exidx.text.DL_SPI_receiveDataCheck32), (8 bytes).
    Removing dl_spi.o(.text.DL_SPI_transmitDataCheck8), (28 bytes).
    Removing dl_spi.o(.ARM.exidx.text.DL_SPI_transmitDataCheck8), (8 bytes).
    Removing dl_spi.o(.text.DL_SPI_transmitDataCheck16), (28 bytes).
    Removing dl_spi.o(.ARM.exidx.text.DL_SPI_transmitDataCheck16), (8 bytes).
    Removing dl_spi.o(.text.DL_SPI_transmitDataCheck32), (28 bytes).
    Removing dl_spi.o(.ARM.exidx.text.DL_SPI_transmitDataCheck32), (8 bytes).
    Removing dl_spi.o(.text.DL_SPI_drainRXFIFO8), (116 bytes).
    Removing dl_spi.o(.ARM.exidx.text.DL_SPI_drainRXFIFO8), (8 bytes).
    Removing dl_spi.o(.text.DL_SPI_drainRXFIFO16), (104 bytes).
    Removing dl_spi.o(.ARM.exidx.text.DL_SPI_drainRXFIFO16), (8 bytes).
    Removing dl_spi.o(.text.DL_SPI_drainRXFIFO32), (104 bytes).
    Removing dl_spi.o(.ARM.exidx.text.DL_SPI_drainRXFIFO32), (8 bytes).
    Removing dl_spi.o(.text.DL_SPI_fillTXFIFO8), (116 bytes).
    Removing dl_spi.o(.ARM.exidx.text.DL_SPI_fillTXFIFO8), (8 bytes).
    Removing dl_spi.o(.text.DL_SPI_fillTXFIFO16), (104 bytes).
    Removing dl_spi.o(.ARM.exidx.text.DL_SPI_fillTXFIFO16), (8 bytes).
    Removing dl_spi.o(.text.DL_SPI_saveConfiguration), (80 bytes).
    Removing dl_spi.o(.ARM.exidx.text.DL_SPI_saveConfiguration), (8 bytes).
    Removing dl_spi.o(.text.DL_SPI_restoreConfiguration), (112 bytes).
    Removing dl_spi.o(.ARM.exidx.text.DL_SPI_restoreConfiguration), (8 bytes).
    Removing dl_spi.o(.text.DL_SPI_fillTXFIFO32), (104 bytes).
    Removing dl_spi.o(.ARM.exidx.text.DL_SPI_fillTXFIFO32), (8 bytes).
    Removing dl_timer.o(.text), (0 bytes).
    Removing dl_timer.o(.ARM.exidx.text.DL_Timer_setClockConfig), (8 bytes).
    Removing dl_timer.o(.text.DL_Timer_getClockConfig), (28 bytes).
    Removing dl_timer.o(.ARM.exidx.text.DL_Timer_getClockConfig), (8 bytes).
    Removing dl_timer.o(.ARM.exidx.text.DL_Timer_initTimerMode), (8 bytes).
    Removing dl_timer.o(.ARM.exidx.text.DL_Timer_setCaptureCompareValue), (8 bytes).
    Removing dl_timer.o(.text.DL_Timer_setCaptureCompareCtl), (40 bytes).
    Removing dl_timer.o(.ARM.exidx.text.DL_Timer_setCaptureCompareCtl), (8 bytes).
    Removing dl_timer.o(.text.DL_Timer_initCaptureMode), (268 bytes).
    Removing dl_timer.o(.ARM.exidx.text.DL_Timer_initCaptureMode), (8 bytes).
    Removing dl_timer.o(.text.DL_Timer_setCaptureCompareInput), (26 bytes).
    Removing dl_timer.o(.ARM.exidx.text.DL_Timer_setCaptureCompareInput), (8 bytes).
    Removing dl_timer.o(.text.DL_Timer_initCaptureTriggerMode), (112 bytes).
    Removing dl_timer.o(.ARM.exidx.text.DL_Timer_initCaptureTriggerMode), (8 bytes).
    Removing dl_timer.o(.text.DL_Timer_initCaptureCombinedMode), (228 bytes).
    Removing dl_timer.o(.ARM.exidx.text.DL_Timer_initCaptureCombinedMode), (8 bytes).
    Removing dl_timer.o(.text.DL_Timer_initCompareMode), (172 bytes).
    Removing dl_timer.o(.ARM.exidx.text.DL_Timer_initCompareMode), (8 bytes).
    Removing dl_timer.o(.text.DL_Timer_initCompareTriggerMode), (96 bytes).
    Removing dl_timer.o(.ARM.exidx.text.DL_Timer_initCompareTriggerMode), (8 bytes).
    Removing dl_timer.o(.ARM.exidx.text.DL_Timer_initPWMMode), (8 bytes).
    Removing dl_timer.o(.text.DL_Timer_setCaptureCompareAction), (36 bytes).
    Removing dl_timer.o(.ARM.exidx.text.DL_Timer_setCaptureCompareAction), (8 bytes).
    Removing dl_timer.o(.ARM.exidx.text.DL_Timer_setCaptureCompareOutCtl), (8 bytes).
    Removing dl_timer.o(.text.DL_Timer_getCaptureCompareValue), (16 bytes).
    Removing dl_timer.o(.ARM.exidx.text.DL_Timer_getCaptureCompareValue), (8 bytes).
    Removing dl_timer.o(.text.DL_Timer_getCaptureCompareCtl), (24 bytes).
    Removing dl_timer.o(.ARM.exidx.text.DL_Timer_getCaptureCompareCtl), (8 bytes).
    Removing dl_timer.o(.text.DL_Timer_setSecondCompSrcDn), (28 bytes).
    Removing dl_timer.o(.ARM.exidx.text.DL_Timer_setSecondCompSrcDn), (8 bytes).
    Removing dl_timer.o(.text.DL_Timer_getSecondCompSrcDn), (20 bytes).
    Removing dl_timer.o(.ARM.exidx.text.DL_Timer_getSecondCompSrcDn), (8 bytes).
    Removing dl_timer.o(.text.DL_Timer_setSecondCompSrcUp), (28 bytes).
    Removing dl_timer.o(.ARM.exidx.text.DL_Timer_setSecondCompSrcUp), (8 bytes).
    Removing dl_timer.o(.text.DL_Timer_getSecondCompSrcUp), (20 bytes).
    Removing dl_timer.o(.ARM.exidx.text.DL_Timer_getSecondCompSrcUp), (8 bytes).
    Removing dl_timer.o(.text.DL_Timer_setSecondCompActionDn), (28 bytes).
    Removing dl_timer.o(.ARM.exidx.text.DL_Timer_setSecondCompActionDn), (8 bytes).
    Removing dl_timer.o(.text.DL_Timer_getSecondCompActionDn), (20 bytes).
    Removing dl_timer.o(.ARM.exidx.text.DL_Timer_getSecondCompActionDn), (8 bytes).
    Removing dl_timer.o(.text.DL_Timer_setSecondCompActionUp), (28 bytes).
    Removing dl_timer.o(.ARM.exidx.text.DL_Timer_setSecondCompActionUp), (8 bytes).
    Removing dl_timer.o(.text.DL_Timer_getSecondCompActionUp), (20 bytes).
    Removing dl_timer.o(.ARM.exidx.text.DL_Timer_getSecondCompActionUp), (8 bytes).
    Removing dl_timer.o(.text.DL_Timer_enableSuppressionOfCompEvent), (24 bytes).
    Removing dl_timer.o(.ARM.exidx.text.DL_Timer_enableSuppressionOfCompEvent), (8 bytes).
    Removing dl_timer.o(.text.DL_Timer_disableSuppressionOfCompEvent), (24 bytes).
    Removing dl_timer.o(.ARM.exidx.text.DL_Timer_disableSuppressionOfCompEvent), (8 bytes).
    Removing dl_timer.o(.ARM.exidx.text.DL_Timer_setCaptCompUpdateMethod), (8 bytes).
    Removing dl_timer.o(.text.DL_Timer_getCaptCompUpdateMethod), (20 bytes).
    Removing dl_timer.o(.ARM.exidx.text.DL_Timer_getCaptCompUpdateMethod), (8 bytes).
    Removing dl_timer.o(.text.DL_Timer_getCaptureCompareOutCtl), (16 bytes).
    Removing dl_timer.o(.ARM.exidx.text.DL_Timer_getCaptureCompareOutCtl), (8 bytes).
    Removing dl_timer.o(.text.DL_Timer_getCaptureCompareAction), (24 bytes).
    Removing dl_timer.o(.ARM.exidx.text.DL_Timer_getCaptureCompareAction), (8 bytes).
    Removing dl_timer.o(.text.DL_Timer_overrideCCPOut), (32 bytes).
    Removing dl_timer.o(.ARM.exidx.text.DL_Timer_overrideCCPOut), (8 bytes).
    Removing dl_timer.o(.text.DL_Timer_getCaptureCompareInput), (16 bytes).
    Removing dl_timer.o(.ARM.exidx.text.DL_Timer_getCaptureCompareInput), (8 bytes).
    Removing dl_timer.o(.text.DL_Timer_setCaptureCompareInputFilter), (28 bytes).
    Removing dl_timer.o(.ARM.exidx.text.DL_Timer_setCaptureCompareInputFilter), (8 bytes).
    Removing dl_timer.o(.text.DL_Timer_getCaptureCompareInputFilter), (18 bytes).
    Removing dl_timer.o(.ARM.exidx.text.DL_Timer_getCaptureCompareInputFilter), (8 bytes).
    Removing dl_timer.o(.text.DL_Timer_enableCaptureCompareInputFilter), (20 bytes).
    Removing dl_timer.o(.ARM.exidx.text.DL_Timer_enableCaptureCompareInputFilter), (8 bytes).
    Removing dl_timer.o(.text.DL_Timer_disableCaptureCompareInputFilter), (20 bytes).
    Removing dl_timer.o(.ARM.exidx.text.DL_Timer_disableCaptureCompareInputFilter), (8 bytes).
    Removing dl_timer.o(.text.DL_Timer_isCaptureCompareInputFilterEnabled), (20 bytes).
    Removing dl_timer.o(.ARM.exidx.text.DL_Timer_isCaptureCompareInputFilterEnabled), (8 bytes).
    Removing dl_timer.o(.text.DL_Timer_saveConfiguration), (192 bytes).
    Removing dl_timer.o(.ARM.exidx.text.DL_Timer_saveConfiguration), (8 bytes).
    Removing dl_timer.o(.text.DL_Timer_restoreConfiguration), (196 bytes).
    Removing dl_timer.o(.ARM.exidx.text.DL_Timer_restoreConfiguration), (8 bytes).
    Removing dl_timer.o(.text.DL_Timer_configQEIHallInputMode), (36 bytes).
    Removing dl_timer.o(.ARM.exidx.text.DL_Timer_configQEIHallInputMode), (8 bytes).
    Removing dl_timer.o(.rodata..Lswitch.table.DL_Timer_initCompareMode), (12 bytes).
    Removing dl_trng.o(.text), (0 bytes).
    Removing dl_uart.o(.text), (0 bytes).
    Removing dl_uart.o(.ARM.exidx.text.DL_UART_init), (8 bytes).
    Removing dl_uart.o(.ARM.exidx.text.DL_UART_setClockConfig), (8 bytes).
    Removing dl_uart.o(.text.DL_UART_getClockConfig), (16 bytes).
    Removing dl_uart.o(.ARM.exidx.text.DL_UART_getClockConfig), (8 bytes).
    Removing dl_uart.o(.text.DL_UART_configBaudRate), (132 bytes).
    Removing dl_uart.o(.ARM.exidx.text.DL_UART_configBaudRate), (8 bytes).
    Removing dl_uart.o(.text.DL_UART_configIrDAMode), (68 bytes).
    Removing dl_uart.o(.ARM.exidx.text.DL_UART_configIrDAMode), (8 bytes).
    Removing dl_uart.o(.text.DL_UART_setIrDAPulseLength), (48 bytes).
    Removing dl_uart.o(.ARM.exidx.text.DL_UART_setIrDAPulseLength), (8 bytes).
    Removing dl_uart.o(.text.DL_UART_receiveDataBlocking), (40 bytes).
    Removing dl_uart.o(.ARM.exidx.text.DL_UART_receiveDataBlocking), (8 bytes).
    Removing dl_uart.o(.text.DL_UART_transmitDataBlocking), (36 bytes).
    Removing dl_uart.o(.ARM.exidx.text.DL_UART_transmitDataBlocking), (8 bytes).
    Removing dl_uart.o(.text.DL_UART_receiveDataCheck), (28 bytes).
    Removing dl_uart.o(.ARM.exidx.text.DL_UART_receiveDataCheck), (8 bytes).
    Removing dl_uart.o(.text.DL_UART_transmitDataCheck), (28 bytes).
    Removing dl_uart.o(.ARM.exidx.text.DL_UART_transmitDataCheck), (8 bytes).
    Removing dl_uart.o(.text.DL_UART_drainRXFIFO), (116 bytes).
    Removing dl_uart.o(.ARM.exidx.text.DL_UART_drainRXFIFO), (8 bytes).
    Removing dl_uart.o(.text.DL_UART_fillTXFIFO), (116 bytes).
    Removing dl_uart.o(.ARM.exidx.text.DL_UART_fillTXFIFO), (8 bytes).
    Removing dl_uart.o(.text.DL_UART_Main_saveConfiguration), (88 bytes).
    Removing dl_uart.o(.ARM.exidx.text.DL_UART_Main_saveConfiguration), (8 bytes).
    Removing dl_uart.o(.text.DL_UART_Main_restoreConfiguration), (120 bytes).
    Removing dl_uart.o(.ARM.exidx.text.DL_UART_Main_restoreConfiguration), (8 bytes).
    Removing dl_uart.o(.text.DL_UART_Extend_saveConfiguration), (104 bytes).
    Removing dl_uart.o(.ARM.exidx.text.DL_UART_Extend_saveConfiguration), (8 bytes).
    Removing dl_uart.o(.text.DL_UART_Extend_restoreConfiguration), (132 bytes).
    Removing dl_uart.o(.ARM.exidx.text.DL_UART_Extend_restoreConfiguration), (8 bytes).
    Removing dl_vref.o(.text), (0 bytes).
    Removing dl_vref.o(.text.DL_VREF_configReference), (32 bytes).
    Removing dl_vref.o(.ARM.exidx.text.DL_VREF_configReference), (8 bytes).
    Removing dl_vref.o(.text.DL_VREF_setClockConfig), (18 bytes).
    Removing dl_vref.o(.ARM.exidx.text.DL_VREF_setClockConfig), (8 bytes).
    Removing dl_vref.o(.text.DL_VREF_getClockConfig), (16 bytes).
    Removing dl_vref.o(.ARM.exidx.text.DL_VREF_getClockConfig), (8 bytes).
    Removing dl_interrupt.o(.text), (0 bytes).
    Removing dl_interrupt.o(.text.DL_Interrupt_registerInterrupt), (144 bytes).
    Removing dl_interrupt.o(.ARM.exidx.text.DL_Interrupt_registerInterrupt), (8 bytes).
    Removing dl_interrupt.o(.text.DL_Interrupt_unregisterInterrupt), (20 bytes).
    Removing dl_interrupt.o(.ARM.exidx.text.DL_Interrupt_unregisterInterrupt), (8 bytes).
    Removing dl_interrupt.o(.vtable), (192 bytes).
    Removing dl_sysctl_mspm0c110x.o(.text), (0 bytes).
    Removing dl_sysctl_mspm0g1x0x_g3x0x.o(.text), (0 bytes).
    Removing dl_sysctl_mspm0l11xx_l13xx.o(.text), (0 bytes).
    Removing dl_sysctl_mspm0l11xx_l13xx.o(.text.DL_SYSCTL_switchMCLKfromSYSOSCtoLFCLK), (80 bytes).
    Removing dl_sysctl_mspm0l11xx_l13xx.o(.ARM.exidx.text.DL_SYSCTL_switchMCLKfromSYSOSCtoLFCLK), (8 bytes).
    Removing dl_sysctl_mspm0l11xx_l13xx.o(.text.DL_SYSCTL_switchMCLKfromLFCLKtoSYSOSC), (60 bytes).
    Removing dl_sysctl_mspm0l11xx_l13xx.o(.ARM.exidx.text.DL_SYSCTL_switchMCLKfromLFCLKtoSYSOSC), (8 bytes).
    Removing dl_sysctl_mspm0l11xx_l13xx.o(.text.DL_SYSCTL_getPowerPolicyRUNSLEEP), (48 bytes).
    Removing dl_sysctl_mspm0l11xx_l13xx.o(.ARM.exidx.text.DL_SYSCTL_getPowerPolicyRUNSLEEP), (8 bytes).
    Removing dl_sysctl_mspm0l11xx_l13xx.o(.text.DL_SYSCTL_getPowerPolicySTOP), (52 bytes).
    Removing dl_sysctl_mspm0l11xx_l13xx.o(.ARM.exidx.text.DL_SYSCTL_getPowerPolicySTOP), (8 bytes).
    Removing dl_sysctl_mspm0l11xx_l13xx.o(.text.DL_SYSCTL_getPowerPolicySTANDBY), (40 bytes).
    Removing dl_sysctl_mspm0l11xx_l13xx.o(.ARM.exidx.text.DL_SYSCTL_getPowerPolicySTANDBY), (8 bytes).
    Removing dl_sysctl_mspm0l11xx_l13xx.o(.text.DL_SYSCTL_configFCC), (28 bytes).
    Removing dl_sysctl_mspm0l11xx_l13xx.o(.ARM.exidx.text.DL_SYSCTL_configFCC), (8 bytes).
    Removing dl_sysctl_mspm0l122x_l222x.o(.text), (0 bytes).
    Removing drv_oled.o(.text), (0 bytes).
    Removing drv_oled.o(.text.OLED_WrDat), (22 bytes).
    Removing drv_oled.o(.ARM.exidx.text.OLED_WrDat), (8 bytes).
    Removing drv_oled.o(.ARM.exidx.text.OLED_WrCmd), (8 bytes).
    Removing drv_oled.o(.text.OLED_Set_Pos), (70 bytes).
    Removing drv_oled.o(.ARM.exidx.text.OLED_Set_Pos), (8 bytes).
    Removing drv_oled.o(.ARM.exidx.text.OLED_Fill), (8 bytes).
    Removing drv_oled.o(.text.OLED_CLS), (96 bytes).
    Removing drv_oled.o(.ARM.exidx.text.OLED_CLS), (8 bytes).
    Removing drv_oled.o(.text.LCD_P6x8Str), (264 bytes).
    Removing drv_oled.o(.ARM.exidx.text.LCD_P6x8Str), (8 bytes).
    Removing drv_oled.o(.text.LCD_P6x8Char), (228 bytes).
    Removing drv_oled.o(.ARM.exidx.text.LCD_P6x8Char), (8 bytes).
    Removing drv_oled.o(.text.write_6_8_number), (740 bytes).
    Removing drv_oled.o(.ARM.exidx.text.write_6_8_number), (8 bytes).
    Removing drv_oled.o(.ARM.exidx.text.LCD_clear_L), (8 bytes).
    Removing drv_oled.o(.ARM.exidx.text.Draw_Logo), (8 bytes).
    Removing drv_oled.o(.ARM.exidx.text.oled_init), (8 bytes).
    Removing drv_oled.o(.text.display_6_8_number), (8 bytes).
    Removing drv_oled.o(.ARM.exidx.text.display_6_8_number), (8 bytes).
    Removing drv_oled.o(.text.display_6_8_string), (8 bytes).
    Removing drv_oled.o(.ARM.exidx.text.display_6_8_string), (8 bytes).
    Removing drv_oled.o(.text.display_6_8_number_pro), (54 bytes).
    Removing drv_oled.o(.ARM.exidx.text.display_6_8_number_pro), (8 bytes).
    Removing drv_oled.o(.text.write_6_8_number_f1), (668 bytes).
    Removing drv_oled.o(.ARM.exidx.text.write_6_8_number_f1), (8 bytes).
    Removing drv_oled.o(.text.display_6_8_number_f1), (8 bytes).
    Removing drv_oled.o(.ARM.exidx.text.display_6_8_number_f1), (8 bytes).
    Removing drv_oled.o(.rodata.F6x8), (552 bytes).
    Removing glcdfont.o(.text), (0 bytes).
    Removing ssd1306.o(.text), (0 bytes).
    Removing ssd1306.o(.text.ssd1306_width), (12 bytes).
    Removing ssd1306.o(.ARM.exidx.text.ssd1306_width), (8 bytes).
    Removing ssd1306.o(.text.ssd1306_height), (12 bytes).
    Removing ssd1306.o(.ARM.exidx.text.ssd1306_height), (8 bytes).
    Removing ssd1306.o(.text.set_rotation), (80 bytes).
    Removing ssd1306.o(.ARM.exidx.text.set_rotation), (8 bytes).
    Removing ssd1306.o(.text.ssd1306_command), (8 bytes).
    Removing ssd1306.o(.ARM.exidx.text.ssd1306_command), (8 bytes).
    Removing ssd1306.o(.ARM.exidx.text.ssd1306_begin), (8 bytes).
    Removing ssd1306.o(.text.ssd1306_draw_pixel), (240 bytes).
    Removing ssd1306.o(.ARM.exidx.text.ssd1306_draw_pixel), (8 bytes).
    Removing ssd1306.o(.text.ssd1306_invert_display), (22 bytes).
    Removing ssd1306.o(.ARM.exidx.text.ssd1306_invert_display), (8 bytes).
    Removing ssd1306.o(.text.ssd1306_start_scroll_right), (58 bytes).
    Removing ssd1306.o(.ARM.exidx.text.ssd1306_start_scroll_right), (8 bytes).
    Removing ssd1306.o(.text.ssd1306_start_scroll_left), (58 bytes).
    Removing ssd1306.o(.ARM.exidx.text.ssd1306_start_scroll_left), (8 bytes).
    Removing ssd1306.o(.text.ssd1306_start_scroll_diag_right), (70 bytes).
    Removing ssd1306.o(.ARM.exidx.text.ssd1306_start_scroll_diag_right), (8 bytes).
    Removing ssd1306.o(.text.ssd1306_start_scroll_diag_left), (70 bytes).
    Removing ssd1306.o(.ARM.exidx.text.ssd1306_start_scroll_diag_left), (8 bytes).
    Removing ssd1306.o(.text.ssd1306_stop_scroll), (10 bytes).
    Removing ssd1306.o(.ARM.exidx.text.ssd1306_stop_scroll), (8 bytes).
    Removing ssd1306.o(.text.ssd1306_dim), (44 bytes).
    Removing ssd1306.o(.ARM.exidx.text.ssd1306_dim), (8 bytes).
    Removing ssd1306.o(.text.ssd1306_data), (8 bytes).
    Removing ssd1306.o(.ARM.exidx.text.ssd1306_data), (8 bytes).
    Removing ssd1306.o(.text.ssd1306_display), (46 bytes).
    Removing ssd1306.o(.ARM.exidx.text.ssd1306_display), (8 bytes).
    Removing ssd1306.o(.text.draw_oled), (244 bytes).
    Removing ssd1306.o(.ARM.exidx.text.draw_oled), (8 bytes).
    Removing ssd1306.o(.text.ssd1306_clear_display), (20 bytes).
    Removing ssd1306.o(.ARM.exidx.text.ssd1306_clear_display), (8 bytes).
    Removing ssd1306.o(.text.ssd1306_draw_fast_hline), (488 bytes).
    Removing ssd1306.o(.ARM.exidx.text.ssd1306_draw_fast_hline), (8 bytes).
    Removing ssd1306.o(.text.ssd1306_draw_fast_vline_internal), (504 bytes).
    Removing ssd1306.o(.ARM.exidx.text.ssd1306_draw_fast_vline_internal), (8 bytes).
    Removing ssd1306.o(.text.ssd1306_draw_fast_hline_internal), (392 bytes).
    Removing ssd1306.o(.ARM.exidx.text.ssd1306_draw_fast_hline_internal), (8 bytes).
    Removing ssd1306.o(.text.ssd1306_draw_fast_vline), (484 bytes).
    Removing ssd1306.o(.ARM.exidx.text.ssd1306_draw_fast_vline), (8 bytes).
    Removing ssd1306.o(.text.ssd1306_draw_circle), (280 bytes).
    Removing ssd1306.o(.ARM.exidx.text.ssd1306_draw_circle), (8 bytes).
    Removing ssd1306.o(.text.ssd1306_draw_circle_helper), (314 bytes).
    Removing ssd1306.o(.ARM.exidx.text.ssd1306_draw_circle_helper), (8 bytes).
    Removing ssd1306.o(.text.ssd1306_fill_circle), (50 bytes).
    Removing ssd1306.o(.ARM.exidx.text.ssd1306_fill_circle), (8 bytes).
    Removing ssd1306.o(.text.ssd1306_fill_circle_helper), (230 bytes).
    Removing ssd1306.o(.ARM.exidx.text.ssd1306_fill_circle_helper), (8 bytes).
    Removing ssd1306.o(.text.ssd1306_draw_line), (182 bytes).
    Removing ssd1306.o(.ARM.exidx.text.ssd1306_draw_line), (8 bytes).
    Removing ssd1306.o(.text.ssd1306_draw_rect), (70 bytes).
    Removing ssd1306.o(.ARM.exidx.text.ssd1306_draw_rect), (8 bytes).
    Removing ssd1306.o(.text.ssd1306_fill_rect), (46 bytes).
    Removing ssd1306.o(.ARM.exidx.text.ssd1306_fill_rect), (8 bytes).
    Removing ssd1306.o(.text.ssd1306_fill_screen), (56 bytes).
    Removing ssd1306.o(.ARM.exidx.text.ssd1306_fill_screen), (8 bytes).
    Removing ssd1306.o(.text.ssd1306_draw_round_rect), (552 bytes).
    Removing ssd1306.o(.ARM.exidx.text.ssd1306_draw_round_rect), (8 bytes).
    Removing ssd1306.o(.text.ssd1306_fill_round_rect), (342 bytes).
    Removing ssd1306.o(.ARM.exidx.text.ssd1306_fill_round_rect), (8 bytes).
    Removing ssd1306.o(.text.ssd1306_draw_triangle), (56 bytes).
    Removing ssd1306.o(.ARM.exidx.text.ssd1306_draw_triangle), (8 bytes).
    Removing ssd1306.o(.text.ssd1306_fill_triangle), (412 bytes).
    Removing ssd1306.o(.ARM.exidx.text.ssd1306_fill_triangle), (8 bytes).
    Removing ssd1306.o(.text.ssd1306_draw_bitmap), (120 bytes).
    Removing ssd1306.o(.ARM.exidx.text.ssd1306_draw_bitmap), (8 bytes).
    Removing ssd1306.o(.text.ssd1306_draw_bitmap_bg), (130 bytes).
    Removing ssd1306.o(.ARM.exidx.text.ssd1306_draw_bitmap_bg), (8 bytes).
    Removing ssd1306.o(.text.ssd1306_draw_xbitmap), (120 bytes).
    Removing ssd1306.o(.ARM.exidx.text.ssd1306_draw_xbitmap), (8 bytes).
    Removing ssd1306.o(.text.ssd1306_write), (144 bytes).
    Removing ssd1306.o(.ARM.exidx.text.ssd1306_write), (8 bytes).
    Removing ssd1306.o(.text.ssd1306_draw_char), (296 bytes).
    Removing ssd1306.o(.ARM.exidx.text.ssd1306_draw_char), (8 bytes).
    Removing ssd1306.o(.text.ssd1306_set_cursor), (20 bytes).
    Removing ssd1306.o(.ARM.exidx.text.ssd1306_set_cursor), (8 bytes).
    Removing ssd1306.o(.text.ssd1306_get_cursor_x), (12 bytes).
    Removing ssd1306.o(.ARM.exidx.text.ssd1306_get_cursor_x), (8 bytes).
    Removing ssd1306.o(.text.ssd1306_get_cursor_y), (12 bytes).
    Removing ssd1306.o(.ARM.exidx.text.ssd1306_get_cursor_y), (8 bytes).
    Removing ssd1306.o(.text.ssd1306_set_textsize), (16 bytes).
    Removing ssd1306.o(.ARM.exidx.text.ssd1306_set_textsize), (8 bytes).
    Removing ssd1306.o(.text.ssd1306_set_textcolor), (20 bytes).
    Removing ssd1306.o(.ARM.exidx.text.ssd1306_set_textcolor), (8 bytes).
    Removing ssd1306.o(.text.ssd1306_set_textcolor_bg), (20 bytes).
    Removing ssd1306.o(.ARM.exidx.text.ssd1306_set_textcolor_bg), (8 bytes).
    Removing ssd1306.o(.text.ssd1306_set_textwrap), (16 bytes).
    Removing ssd1306.o(.ARM.exidx.text.ssd1306_set_textwrap), (8 bytes).
    Removing ssd1306.o(.text.ssd1306_get_rotation), (12 bytes).
    Removing ssd1306.o(.ARM.exidx.text.ssd1306_get_rotation), (8 bytes).
    Removing ssd1306.o(.text.ssd1306_set_rotation), (80 bytes).
    Removing ssd1306.o(.ARM.exidx.text.ssd1306_set_rotation), (8 bytes).
    Removing ssd1306.o(.text.ssd1306_cp437), (16 bytes).
    Removing ssd1306.o(.ARM.exidx.text.ssd1306_cp437), (8 bytes).
    Removing ssd1306.o(.text.ssd1306_putstring), (160 bytes).
    Removing ssd1306.o(.ARM.exidx.text.ssd1306_putstring), (8 bytes).
    Removing ssd1306.o(.text.ssd1306_puts), (180 bytes).
    Removing ssd1306.o(.ARM.exidx.text.ssd1306_puts), (8 bytes).
    Removing ssd1306.o(.rodata.font), (1275 bytes).
    Removing ssd1306.o(.data.buffer), (1024 bytes).
    Removing ssd1306.o(.rodata..Lswitch.table.ssd1306_set_rotation), (16 bytes).
    Removing ssd1306.o(.rodata.cst8), (16 bytes).
    Removing ssd1306.o(.rodata..Lswitch.table.ssd1306_set_rotation.6), (16 bytes).
    Removing drv_i2c.o(.text), (0 bytes).
    Removing drv_i2c.o(.ARM.exidx.text.i2c0_write_n_byte), (8 bytes).
    Removing main.o(.text), (0 bytes).
    Removing main.o(.text.usart0_send_bytes), (32 bytes).
    Removing main.o(.ARM.exidx.text.usart0_send_bytes), (8 bytes).
    Removing main.o(.text.display), (52 bytes).
    Removing main.o(.ARM.exidx.text.display), (8 bytes).
    Removing main.o(.text.display_gray_sensor_data_but_not_read), (52 bytes).
    Removing main.o(.ARM.exidx.text.display_gray_sensor_data_but_not_read), (8 bytes).
    Removing main.o(.text.display_encoder_count), (92 bytes).
    Removing main.o(.ARM.exidx.text.display_encoder_count), (8 bytes).
    Removing main.o(.text.display_speed), (92 bytes).
    Removing main.o(.ARM.exidx.text.display_speed), (8 bytes).
    Removing main.o(.text.display_yaw), (68 bytes).
    Removing main.o(.ARM.exidx.text.display_yaw), (8 bytes).
    Removing main.o(.text.Handle_Mode), (372 bytes).
    Removing main.o(.ARM.exidx.text.Handle_Mode), (8 bytes).
    Removing main.o(.text.revolve_by_encoder), (104 bytes).
    Removing main.o(.ARM.exidx.text.revolve_by_encoder), (8 bytes).
    Removing main.o(.text.revolve_by_mpu6050_increasemental), (324 bytes).
    Removing main.o(.ARM.exidx.text.revolve_by_mpu6050_increasemental), (8 bytes).
    Removing main.o(.text.revolve_by_mpu6050_abusolute), (124 bytes).
    Removing main.o(.ARM.exidx.text.revolve_by_mpu6050_abusolute), (8 bytes).
    Removing main.o(.text.line_patrol), (192 bytes).
    Removing main.o(.ARM.exidx.text.line_patrol), (8 bytes).
    Removing main.o(.text.line_patrol_ultimate), (76 bytes).
    Removing main.o(.ARM.exidx.text.line_patrol_ultimate), (8 bytes).
    Removing main.o(.text.Q1), (220 bytes).
    Removing main.o(.ARM.exidx.text.Q1), (8 bytes).
    Removing main.o(.text.Q2), (58 bytes).
    Removing main.o(.ARM.exidx.text.Q2), (8 bytes).
    Removing main.o(.text.Q3_test), (396 bytes).
    Removing main.o(.ARM.exidx.text.Q3_test), (8 bytes).
    Removing main.o(.text.Q4), (128 bytes).
    Removing main.o(.ARM.exidx.text.Q4), (8 bytes).
    Removing main.o(.ARM.exidx.text.main), (8 bytes).
    Removing main.o(.ARM.exidx.text.TIMG0_IRQHandler), (8 bytes).
    Removing main.o(.ARM.exidx.text.GROUP1_IRQHandler), (8 bytes).
    Removing main.o(.data.sensor_data), (1 bytes).
    Removing main.o(.data.line_patrol_pid), (36 bytes).
    Removing main.o(.data.line_patrol_ultimate_pid), (36 bytes).
    Removing main.o(.data.speed2pwm), (36 bytes).
    Removing main.o(.data.straight_pid), (36 bytes).
    Removing main.o(.data.encoder_angle_pid), (36 bytes).
    Removing main.o(.data.base_ctrl_value), (4 bytes).
    Removing main.o(.data.base_speed), (4 bytes).
    Removing main.o(.bss.s1), (32 bytes).
    Removing main.o(.rodata.str1.1), (29 bytes).
    Removing main.o(.bss.Roll_value), (4 bytes).
    Removing main.o(.bss.Pitch_value), (4 bytes).
    Removing main.o(.bss.Yaw_value), (4 bytes).
    Removing main.o(.bss.yawStr), (1000 bytes).
    Removing main.o(.data.mode), (1 bytes).
    Removing main.o(.bss.gray_bias), (4 bytes).
    Removing main.o(.bss.line_patrol_weight), (4 bytes).
    Removing main.o(.bss.speed_difference_ctrl_value), (4 bytes).
    Removing main.o(.bss.left_ctrl_value), (4 bytes).
    Removing main.o(.bss.right_ctrl_value), (4 bytes).
    Removing main.o(.bss.sensor), (8 bytes).
    Removing main.o(.bss.pitchStr), (1000 bytes).
    Removing main.o(.bss.rollStr), (1000 bytes).
    Removing main.o(.bss.l_encoder), (20 bytes).
    Removing main.o(.bss.r_encoder), (20 bytes).
    Removing main.o(.bss.line_patrol_ctrl_value), (4 bytes).
    Removing main.o(.ARM.use_no_argv), (4 bytes).
    Removing startup_mspm0l1306_uvision.o(HEAP), (0 bytes).
    Removing ti_msp_dl_config.o(.text), (0 bytes).
    Removing ti_msp_dl_config.o(.ARM.exidx.text.SYSCFG_DL_init), (8 bytes).
    Removing ti_msp_dl_config.o(.ARM.exidx.text.SYSCFG_DL_initPower), (8 bytes).
    Removing ti_msp_dl_config.o(.ARM.exidx.text.SYSCFG_DL_GPIO_init), (8 bytes).
    Removing ti_msp_dl_config.o(.ARM.exidx.text.SYSCFG_DL_SYSCTL_init), (8 bytes).
    Removing ti_msp_dl_config.o(.ARM.exidx.text.SYSCFG_DL_PWM_0_init), (8 bytes).
    Removing ti_msp_dl_config.o(.ARM.exidx.text.SYSCFG_DL_TIMER_0_init), (8 bytes).
    Removing ti_msp_dl_config.o(.ARM.exidx.text.SYSCFG_DL_I2C_0_init), (8 bytes).
    Removing ti_msp_dl_config.o(.ARM.exidx.text.SYSCFG_DL_UART_0_init), (8 bytes).
    Removing motor_pwm.o(.text), (0 bytes).
    Removing motor_pwm.o(.text.Motor_Start_L), (36 bytes).
    Removing motor_pwm.o(.ARM.exidx.text.Motor_Start_L), (8 bytes).
    Removing motor_pwm.o(.text.Motor_Start_R), (36 bytes).
    Removing motor_pwm.o(.ARM.exidx.text.Motor_Start_R), (8 bytes).
    Removing motor_pwm.o(.text.Motor_Pwm), (88 bytes).
    Removing motor_pwm.o(.ARM.exidx.text.Motor_Pwm), (8 bytes).
    Removing motor_pwm.o(.text.Position_PID), (100 bytes).
    Removing motor_pwm.o(.ARM.exidx.text.Position_PID), (8 bytes).
    Removing motor_pwm.o(.text.kongzhi), (308 bytes).
    Removing motor_pwm.o(.ARM.exidx.text.kongzhi), (8 bytes).
    Removing motor_pwm.o(.bss.l_read_pwm), (4 bytes).
    Removing motor_pwm.o(.bss.r_read_pwm), (4 bytes).
    Removing motor_pwm.o(.bss.Position_PID.Integral_bias), (4 bytes).
    Removing motor_pwm.o(.bss.Position_PID.Last_Bias), (4 bytes).
    Removing delay.o(.text), (0 bytes).
    Removing delay.o(.text.delay_ms), (22 bytes).
    Removing delay.o(.ARM.exidx.text.delay_ms), (8 bytes).
    Removing delay.o(.text.delay_us), (20 bytes).
    Removing delay.o(.ARM.exidx.text.delay_us), (8 bytes).
    Removing myi2c.o(.text), (0 bytes).
    Removing myi2c.o(.text.SDA_OUT), (24 bytes).
    Removing myi2c.o(.ARM.exidx.text.SDA_OUT), (8 bytes).
    Removing myi2c.o(.text.SDA_IN), (16 bytes).
    Removing myi2c.o(.ARM.exidx.text.SDA_IN), (8 bytes).
    Removing myi2c.o(.text.I2C_W_SCL), (32 bytes).
    Removing myi2c.o(.ARM.exidx.text.I2C_W_SCL), (8 bytes).
    Removing myi2c.o(.text.I2C_W_SDA), (44 bytes).
    Removing myi2c.o(.ARM.exidx.text.I2C_W_SDA), (8 bytes).
    Removing myi2c.o(.text.I2C_R_SDA), (36 bytes).
    Removing myi2c.o(.ARM.exidx.text.I2C_R_SDA), (8 bytes).
    Removing myi2c.o(.text.I2C_Init), (20 bytes).
    Removing myi2c.o(.ARM.exidx.text.I2C_Init), (8 bytes).
    Removing myi2c.o(.text.I2C_Start), (84 bytes).
    Removing myi2c.o(.ARM.exidx.text.I2C_Start), (8 bytes).
    Removing myi2c.o(.text.I2C_Stop), (72 bytes).
    Removing myi2c.o(.ARM.exidx.text.I2C_Stop), (8 bytes).
    Removing myi2c.o(.text.I2C_SendByte), (104 bytes).
    Removing myi2c.o(.ARM.exidx.text.I2C_SendByte), (8 bytes).
    Removing myi2c.o(.text.I2C_ReceiveByte), (404 bytes).
    Removing myi2c.o(.ARM.exidx.text.I2C_ReceiveByte), (8 bytes).
    Removing myi2c.o(.text.I2C_SendAck), (68 bytes).
    Removing myi2c.o(.ARM.exidx.text.I2C_SendAck), (8 bytes).
    Removing myi2c.o(.text.I2C_ReceiveAck), (96 bytes).
    Removing myi2c.o(.ARM.exidx.text.I2C_ReceiveAck), (8 bytes).
    Removing mygrayscale.o(.text), (0 bytes).
    Removing mygrayscale.o(.text.updateRetWithGpioPin), (20 bytes).
    Removing mygrayscale.o(.ARM.exidx.text.updateRetWithGpioPin), (8 bytes).
    Removing mygrayscale.o(.text.gw_gray_serial_read), (256 bytes).
    Removing mygrayscale.o(.ARM.exidx.text.gw_gray_serial_read), (8 bytes).
    Removing scanline.o(.text), (0 bytes).
    Removing scanline.o(.text.sensor_read), (748 bytes).
    Removing scanline.o(.ARM.exidx.text.sensor_read), (8 bytes).
    Removing scanline.o(.text.Sensor_pid), (220 bytes).
    Removing scanline.o(.ARM.exidx.text.Sensor_pid), (8 bytes).
    Removing scanline.o(.data.Kp_sensor), (4 bytes).
    Removing scanline.o(.bss.Ki_sensor), (4 bytes).
    Removing scanline.o(.bss.Kd_sensor), (4 bytes).
    Removing scanline.o(.bss.sensor_bias), (4 bytes).
    Removing scanline.o(.bss.sensor_bias_last), (4 bytes).
    Removing scanline.o(.bss.P), (4 bytes).
    Removing scanline.o(.bss.I), (4 bytes).
    Removing scanline.o(.bss.D), (4 bytes).
    Removing scanline.o(.bss.PID_value), (4 bytes).
    Removing scanline.o(.bss.decide), (4 bytes).
    Removing scanline.o(.bss.PWM_value_R), (4 bytes).
    Removing scanline.o(.bss.PWM_value_L), (4 bytes).
    Removing gray.o(.text), (0 bytes).
    Removing gray.o(.text.gray_calculate_bias), (676 bytes).
    Removing gray.o(.ARM.exidx.text.gray_calculate_bias), (8 bytes).
    Removing gray.o(.text.gray_calculate_pid), (2 bytes).
    Removing gray.o(.ARM.exidx.text.gray_calculate_pid), (8 bytes).
    Removing gray.o(.bss.gray_calculate_bias.error), (4 bytes).
    Removing pid.o(.text), (0 bytes).
    Removing pid.o(.text.PID_calculate), (146 bytes).
    Removing pid.o(.ARM.exidx.text.PID_calculate), (8 bytes).
    Removing pid.o(.text.PID_clear), (8 bytes).
    Removing pid.o(.ARM.exidx.text.PID_clear), (8 bytes).
    Removing lightandsound.o(.text), (0 bytes).
    Removing lightandsound.o(.text.light_and_sound), (32 bytes).
    Removing lightandsound.o(.ARM.exidx.text.light_and_sound), (8 bytes).
    Removing kalman.o(.text), (0 bytes).
    Removing kalman.o(.text.Kalman_Init), (56 bytes).
    Removing kalman.o(.ARM.exidx.text.Kalman_Init), (8 bytes).
    Removing kalman.o(.text.Kalman_GetMPU6050_Offset), (316 bytes).
    Removing kalman.o(.ARM.exidx.text.Kalman_GetMPU6050_Offset), (8 bytes).
    Removing kalman.o(.text.Kalman_GetMPU6050_Data), (380 bytes).
    Removing kalman.o(.ARM.exidx.text.Kalman_GetMPU6050_Data), (8 bytes).
    Removing kalman.o(.text.Kalman_GetEuler_TempAngle), (264 bytes).
    Removing kalman.o(.ARM.exidx.text.Kalman_GetEuler_TempAngle), (8 bytes).
    Removing kalman.o(.text.Kalman_Filter_Roll), (288 bytes).
    Removing kalman.o(.ARM.exidx.text.Kalman_Filter_Roll), (8 bytes).
    Removing kalman.o(.text.Klaman_Filter_Pitct), (332 bytes).
    Removing kalman.o(.ARM.exidx.text.Klaman_Filter_Pitct), (8 bytes).
    Removing kalman.o(.text.Kalman_GetEuler_Angle), (364 bytes).
    Removing kalman.o(.ARM.exidx.text.Kalman_GetEuler_Angle), (8 bytes).
    Removing kalman.o(.bss.Offset_ax), (4 bytes).
    Removing kalman.o(.bss.Offset_ay), (4 bytes).
    Removing kalman.o(.bss.Offset_az), (4 bytes).
    Removing kalman.o(.bss.Offset_gx), (4 bytes).
    Removing kalman.o(.bss.Offset_gy), (4 bytes).
    Removing kalman.o(.bss.Offset_gz), (4 bytes).
    Removing kalman.o(.bss.Kalman_GetMPU6050_Offset.Offset_a.0), (4 bytes).
    Removing kalman.o(.bss.Kalman_GetMPU6050_Offset.Offset_a.1), (4 bytes).
    Removing kalman.o(.bss.Kalman_GetMPU6050_Offset.Offset_a.2), (4 bytes).
    Removing kalman.o(.bss.Kalman_GetMPU6050_Offset.Offset_g.0), (4 bytes).
    Removing kalman.o(.bss.Kalman_GetMPU6050_Offset.Offset_g.1), (4 bytes).
    Removing kalman.o(.bss.Kalman_GetMPU6050_Offset.Offset_g.2), (4 bytes).
    Removing kalman.o(.bss.Kalman_GetMPU6050_Data.GyroX_Temp), (2 bytes).
    Removing kalman.o(.bss.Kalman_GetMPU6050_Data.GyroY_Temp), (2 bytes).
    Removing kalman.o(.bss.Kalman_GetMPU6050_Data.GyroZ_Temp), (2 bytes).
    Removing kalman.o(.bss.Kalman_GetEuler_TempAngle.GyroX), (4 bytes).
    Removing kalman.o(.bss.Kalman_GetEuler_TempAngle.GyroY), (4 bytes).
    Removing kalman.o(.bss.Kalman_GetEuler_TempAngle.GyroZ), (4 bytes).
    Removing kalman.o(.bss.Kalman_Filter_Roll.Angle), (4 bytes).
    Removing kalman.o(.data.Kalman_Filter_Roll.P.0), (4 bytes).
    Removing kalman.o(.bss.Kalman_Filter_Roll.P.1), (4 bytes).
    Removing kalman.o(.bss.Kalman_Filter_Roll.P.2), (4 bytes).
    Removing kalman.o(.data.Kalman_Filter_Roll.P.3), (4 bytes).
    Removing kalman.o(.bss.Klaman_Filter_Pitct.Angle), (4 bytes).
    Removing kalman.o(.bss.Klaman_Filter_Pitct.Q_Bias), (4 bytes).
    Removing kalman.o(.data.Klaman_Filter_Pitct.P.0), (4 bytes).
    Removing kalman.o(.bss.Klaman_Filter_Pitct.P.1), (4 bytes).
    Removing kalman.o(.bss.Klaman_Filter_Pitct.P.2), (4 bytes).
    Removing kalman.o(.data.Klaman_Filter_Pitct.P.3), (4 bytes).
    Removing kalman.o(.bss.Kalman_GetEuler_Angle.Roll_a), (4 bytes).
    Removing kalman.o(.bss.Kalman_GetEuler_Angle.Pitch_a), (4 bytes).
    Removing kalman.o(.bss.Kalman_GetEuler_Angle.Roll_g), (4 bytes).
    Removing kalman.o(.bss.Kalman_GetEuler_Angle.Pitch_g), (4 bytes).
    Removing kalman.o(.bss.Kalman_GetEuler_Angle.Yaw_g), (4 bytes).
    Removing kalman.o(.bss.Yaw), (50 bytes).
    Removing mpu6050.o(.text), (0 bytes).
    Removing mpu6050.o(.text.MPU6050_WriteReg), (46 bytes).
    Removing mpu6050.o(.ARM.exidx.text.MPU6050_WriteReg), (8 bytes).
    Removing mpu6050.o(.text.MPU6050_ReadReg), (62 bytes).
    Removing mpu6050.o(.ARM.exidx.text.MPU6050_ReadReg), (8 bytes).
    Removing mpu6050.o(.text.MPU6050_Init), (236 bytes).
    Removing mpu6050.o(.ARM.exidx.text.MPU6050_Init), (8 bytes).
    Removing mpu6050.o(.text.MPU6050_GetID), (60 bytes).
    Removing mpu6050.o(.ARM.exidx.text.MPU6050_GetID), (8 bytes).
    Removing mpu6050.o(.text.MPU6050_GetData), (732 bytes).
    Removing mpu6050.o(.ARM.exidx.text.MPU6050_GetData), (8 bytes).
    Removing fadd.o(.text), (178 bytes).
    Removing fmul.o(.text), (122 bytes).
    Removing fdiv.o(.text), (124 bytes).
    Removing dadd.o(.text), (356 bytes).
    Removing dmul.o(.text), (208 bytes).
    Removing ddiv.o(.text), (240 bytes).
    Removing fcmplt.o(.text), (28 bytes).
    Removing fcmpge.o(.text), (28 bytes).
    Removing fcmpgt.o(.text), (28 bytes).
    Removing fflti.o(.text), (22 bytes).
    Removing ffltui.o(.text), (14 bytes).
    Removing dflti.o(.text), (40 bytes).
    Removing ffixi.o(.text), (50 bytes).
    Removing f2d.o(.text), (40 bytes).
    Removing d2f.o(.text), (56 bytes).
    Removing fepilogue.o(.text), (130 bytes).
    Removing depilogue.o(.text), (190 bytes).
    Removing dsqrt.o(.text), (162 bytes).
    Removing dfixul.o(.text), (64 bytes).
    Removing cdcmple.o(.text), (40 bytes).
    Removing cdrcmple.o(.text), (40 bytes).
    Removing dscalb.o(.text), (44 bytes).
    Removing depilogue.o(i.__ARM_clz), (46 bytes).

768 unused section(s) (total 40468 bytes) removed from the image.

==============================================================================

Image Symbol Table

    Local Symbols

    Symbol Name                              Value     Ov Type        Size  Object(Section)

    ../clib/division.s                       0x00000000   Number         0  aeabi_sdivfast.o ABSOLUTE
    ../clib/division.s                       0x00000000   Number         0  aeabi_sdivfast_div0.o ABSOLUTE
    ../clib/microlib/division.c              0x00000000   Number         0  uidiv.o ABSOLUTE
    ../clib/microlib/division.c              0x00000000   Number         0  idiv.o ABSOLUTE
    ../clib/microlib/division.c              0x00000000   Number         0  uidiv_div0.o ABSOLUTE
    ../clib/microlib/division.c              0x00000000   Number         0  idiv_div0.o ABSOLUTE
    ../clib/microlib/division.c              0x00000000   Number         0  idiv0.o ABSOLUTE
    ../clib/microlib/division.c              0x00000000   Number         0  uldiv.o ABSOLUTE
    ../clib/microlib/errno.c                 0x00000000   Number         0  errno.o ABSOLUTE
    ../clib/microlib/init/entry.s            0x00000000   Number         0  entry.o ABSOLUTE
    ../clib/microlib/init/entry.s            0x00000000   Number         0  entry2.o ABSOLUTE
    ../clib/microlib/init/entry.s            0x00000000   Number         0  entry5.o ABSOLUTE
    ../clib/microlib/init/entry.s            0x00000000   Number         0  entry7a.o ABSOLUTE
    ../clib/microlib/init/entry.s            0x00000000   Number         0  entry7b.o ABSOLUTE
    ../clib/microlib/init/entry.s            0x00000000   Number         0  entry8a.o ABSOLUTE
    ../clib/microlib/init/entry.s            0x00000000   Number         0  entry8b.o ABSOLUTE
    ../clib/microlib/init/entry.s            0x00000000   Number         0  entry9a.o ABSOLUTE
    ../clib/microlib/init/entry.s            0x00000000   Number         0  entry9b.o ABSOLUTE
    ../clib/microlib/init/entry.s            0x00000000   Number         0  entry10a.o ABSOLUTE
    ../clib/microlib/init/entry.s            0x00000000   Number         0  entry10b.o ABSOLUTE
    ../clib/microlib/init/entry.s            0x00000000   Number         0  entry11a.o ABSOLUTE
    ../clib/microlib/init/entry.s            0x00000000   Number         0  entry11b.o ABSOLUTE
    ../clib/microlib/longlong.c              0x00000000   Number         0  llshl.o ABSOLUTE
    ../clib/microlib/longlong.c              0x00000000   Number         0  llsshr.o ABSOLUTE
    ../clib/microlib/longlong.c              0x00000000   Number         0  llushr.o ABSOLUTE
    ../clib/microlib/printf/printf.c         0x00000000   Number         0  printfb.o ABSOLUTE
    ../clib/microlib/printf/printf.c         0x00000000   Number         0  printf0.o ABSOLUTE
    ../clib/microlib/printf/printf.c         0x00000000   Number         0  printf1.o ABSOLUTE
    ../clib/microlib/printf/printf.c         0x00000000   Number         0  printf2.o ABSOLUTE
    ../clib/microlib/printf/printf.c         0x00000000   Number         0  printf3.o ABSOLUTE
    ../clib/microlib/printf/printf.c         0x00000000   Number         0  printf4.o ABSOLUTE
    ../clib/microlib/printf/printf.c         0x00000000   Number         0  printf5.o ABSOLUTE
    ../clib/microlib/printf/printf.c         0x00000000   Number         0  printf6.o ABSOLUTE
    ../clib/microlib/printf/printf.c         0x00000000   Number         0  printf7.o ABSOLUTE
    ../clib/microlib/printf/printf.c         0x00000000   Number         0  printf8.o ABSOLUTE
    ../clib/microlib/printf/printf.c         0x00000000   Number         0  printfa.o ABSOLUTE
    ../clib/microlib/printf/stubs.s          0x00000000   Number         0  printfstubs.o ABSOLUTE
    ../clib/microlib/stdio/fputc.c           0x00000000   Number         0  fputc.o ABSOLUTE
    ../clib/microlib/stdio/fputc.c           0x00000000   Number         0  fputc_h.o ABSOLUTE
    ../clib/microlib/stdio/semi.s            0x00000000   Number         0  semi.o ABSOLUTE
    ../clib/microlib/stdio/streams.c         0x00000000   Number         0  stdout.o ABSOLUTE
    ../clib/microlib/string/memset.c         0x00000000   Number         0  memseta.o ABSOLUTE
    ../clib/microlib/stubs.s                 0x00000000   Number         0  iusefp.o ABSOLUTE
    ../clib/microlib/stubs.s                 0x00000000   Number         0  iusesemip.o ABSOLUTE
    ../fplib/microlib/d2f.c                  0x00000000   Number         0  d2f.o ABSOLUTE
    ../fplib/microlib/f2d.c                  0x00000000   Number         0  f2d.o ABSOLUTE
    ../fplib/microlib/fpadd.c                0x00000000   Number         0  fadd.o ABSOLUTE
    ../fplib/microlib/fpadd.c                0x00000000   Number         0  dadd.o ABSOLUTE
    ../fplib/microlib/fpcmp.c                0x00000000   Number         0  fcmplt.o ABSOLUTE
    ../fplib/microlib/fpcmp.c                0x00000000   Number         0  fcmpge.o ABSOLUTE
    ../fplib/microlib/fpcmp.c                0x00000000   Number         0  fcmpgt.o ABSOLUTE
    ../fplib/microlib/fpdiv.c                0x00000000   Number         0  fdiv.o ABSOLUTE
    ../fplib/microlib/fpdiv.c                0x00000000   Number         0  ddiv.o ABSOLUTE
    ../fplib/microlib/fpepilogue.c           0x00000000   Number         0  fepilogue.o ABSOLUTE
    ../fplib/microlib/fpepilogue.c           0x00000000   Number         0  depilogue.o ABSOLUTE
    ../fplib/microlib/fpfix.c                0x00000000   Number         0  ffixi.o ABSOLUTE
    ../fplib/microlib/fpfix.c                0x00000000   Number         0  dfixul.o ABSOLUTE
    ../fplib/microlib/fpflt.c                0x00000000   Number         0  fflti.o ABSOLUTE
    ../fplib/microlib/fpflt.c                0x00000000   Number         0  ffltui.o ABSOLUTE
    ../fplib/microlib/fpflt.c                0x00000000   Number         0  dflti.o ABSOLUTE
    ../fplib/microlib/fpmul.c                0x00000000   Number         0  fmul.o ABSOLUTE
    ../fplib/microlib/fpmul.c                0x00000000   Number         0  dmul.o ABSOLUTE
    ../fplib/microlib/fpscalb.c              0x00000000   Number         0  dscalb.o ABSOLUTE
    ../fplib/microlib/fpsqrt.c               0x00000000   Number         0  dsqrt.o ABSOLUTE
    ../mathlib/atan.c                        0x00000000   Number         0  atan.o ABSOLUTE
    ../mathlib/atan2.c                       0x00000000   Number         0  atan2.o ABSOLUTE
    ../mathlib/dunder.c                      0x00000000   Number         0  dunder.o ABSOLUTE
    ../mathlib/fpclassify.c                  0x00000000   Number         0  fpclassify.o ABSOLUTE
    ../mathlib/poly.c                        0x00000000   Number         0  poly.o ABSOLUTE
    ../mathlib/qnan.c                        0x00000000   Number         0  qnan.o ABSOLUTE
    ../mathlib/sqrt.c                        0x00000000   Number         0  sqrt.o ABSOLUTE
    Delay.c                                  0x00000000   Number         0  delay.o ABSOLUTE
    Kalman.c                                 0x00000000   Number         0  kalman.o ABSOLUTE
    MyI2C.c                                  0x00000000   Number         0  myi2c.o ABSOLUTE
    cdcmple.s                                0x00000000   Number         0  cdcmple.o ABSOLUTE
    cdrcmple.s                               0x00000000   Number         0  cdrcmple.o ABSOLUTE
    dc.s                                     0x00000000   Number         0  dc.o ABSOLUTE
    dl_adc12.c                               0x00000000   Number         0  dl_adc12.o ABSOLUTE
    dl_aes.c                                 0x00000000   Number         0  dl_aes.o ABSOLUTE
    dl_aesadv.c                              0x00000000   Number         0  dl_aesadv.o ABSOLUTE
    dl_common.c                              0x00000000   Number         0  dl_common.o ABSOLUTE
    dl_crc.c                                 0x00000000   Number         0  dl_crc.o ABSOLUTE
    dl_crcp.c                                0x00000000   Number         0  dl_crcp.o ABSOLUTE
    dl_dac12.c                               0x00000000   Number         0  dl_dac12.o ABSOLUTE
    dl_dma.c                                 0x00000000   Number         0  dl_dma.o ABSOLUTE
    dl_flashctl.c                            0x00000000   Number         0  dl_flashctl.o ABSOLUTE
    dl_i2c.c                                 0x00000000   Number         0  dl_i2c.o ABSOLUTE
    dl_interrupt.c                           0x00000000   Number         0  dl_interrupt.o ABSOLUTE
    dl_keystorectl.c                         0x00000000   Number         0  dl_keystorectl.o ABSOLUTE
    dl_lcd.c                                 0x00000000   Number         0  dl_lcd.o ABSOLUTE
    dl_lfss.c                                0x00000000   Number         0  dl_lfss.o ABSOLUTE
    dl_mathacl.c                             0x00000000   Number         0  dl_mathacl.o ABSOLUTE
    dl_mcan.c                                0x00000000   Number         0  dl_mcan.o ABSOLUTE
    dl_opa.c                                 0x00000000   Number         0  dl_opa.o ABSOLUTE
    dl_rtc_common.c                          0x00000000   Number         0  dl_rtc_common.o ABSOLUTE
    dl_spi.c                                 0x00000000   Number         0  dl_spi.o ABSOLUTE
    dl_sysctl_mspm0c110x.c                   0x00000000   Number         0  dl_sysctl_mspm0c110x.o ABSOLUTE
    dl_sysctl_mspm0g1x0x_g3x0x.c             0x00000000   Number         0  dl_sysctl_mspm0g1x0x_g3x0x.o ABSOLUTE
    dl_sysctl_mspm0l11xx_l13xx.c             0x00000000   Number         0  dl_sysctl_mspm0l11xx_l13xx.o ABSOLUTE
    dl_sysctl_mspm0l122x_l222x.c             0x00000000   Number         0  dl_sysctl_mspm0l122x_l222x.o ABSOLUTE
    dl_timer.c                               0x00000000   Number         0  dl_timer.o ABSOLUTE
    dl_trng.c                                0x00000000   Number         0  dl_trng.o ABSOLUTE
    dl_uart.c                                0x00000000   Number         0  dl_uart.o ABSOLUTE
    dl_vref.c                                0x00000000   Number         0  dl_vref.o ABSOLUTE
    drv_i2c.c                                0x00000000   Number         0  drv_i2c.o ABSOLUTE
    drv_oled.c                               0x00000000   Number         0  drv_oled.o ABSOLUTE
    glcdfont.c                               0x00000000   Number         0  glcdfont.o ABSOLUTE
    gray.c                                   0x00000000   Number         0  gray.o ABSOLUTE
    handlers.s                               0x00000000   Number         0  handlers.o ABSOLUTE
    init.s                                   0x00000000   Number         0  init.o ABSOLUTE
    lightandsound.c                          0x00000000   Number         0  lightandsound.o ABSOLUTE
    main.c                                   0x00000000   Number         0  main.o ABSOLUTE
    motor_pwm.c                              0x00000000   Number         0  motor_pwm.o ABSOLUTE
    mpu6050.c                                0x00000000   Number         0  mpu6050.o ABSOLUTE
    mygrayscale.c                            0x00000000   Number         0  mygrayscale.o ABSOLUTE
    pid.c                                    0x00000000   Number         0  pid.o ABSOLUTE
    scanline.c                               0x00000000   Number         0  scanline.o ABSOLUTE
    ssd1306.c                                0x00000000   Number         0  ssd1306.o ABSOLUTE
    startup_mspm0l1306_uvision.s             0x00000000   Number         0  startup_mspm0l1306_uvision.o ABSOLUTE
    ti_msp_dl_config.c                       0x00000000   Number         0  ti_msp_dl_config.o ABSOLUTE
    RESET                                    0x00000000   Section      192  startup_mspm0l1306_uvision.o(RESET)
    .ARM.Collect$$$$00000000                 0x000000c0   Section        0  entry.o(.ARM.Collect$$$$00000000)
    .ARM.Collect$$$$00000001                 0x000000c0   Section        4  entry2.o(.ARM.Collect$$$$00000001)
    .ARM.Collect$$$$00000004                 0x000000c4   Section        4  entry5.o(.ARM.Collect$$$$00000004)
    .ARM.Collect$$$$00000008                 0x000000c8   Section        0  entry7b.o(.ARM.Collect$$$$00000008)
    .ARM.Collect$$$$0000000A                 0x000000c8   Section        0  entry8b.o(.ARM.Collect$$$$0000000A)
    .ARM.Collect$$$$0000000B                 0x000000c8   Section        8  entry9a.o(.ARM.Collect$$$$0000000B)
    __lit__00000000                          0x000000d0   Data           4  entry2.o(.ARM.Collect$$$$00002712)
    .ARM.Collect$$$$0000000D                 0x000000d0   Section        0  entry10a.o(.ARM.Collect$$$$0000000D)
    .ARM.Collect$$$$0000000F                 0x000000d0   Section        0  entry11a.o(.ARM.Collect$$$$0000000F)
    .ARM.Collect$$$$00002712                 0x000000d0   Section        4  entry2.o(.ARM.Collect$$$$00002712)
    .text                                    0x000000d4   Section       20  startup_mspm0l1306_uvision.o(.text)
    .text                                    0x000000e8   Section       48  init.o(.text)
    [Anonymous Symbol]                       0x00000118   Section        0  dl_common.o(.text.DL_Common_delayCycles)
    [Anonymous Symbol]                       0x00000122   Section        0  dl_i2c.o(.text.DL_I2C_fillControllerTXFIFO)
    [Anonymous Symbol]                       0x000001a4   Section        0  dl_i2c.o(.text.DL_I2C_flushControllerTXFIFO)
    __arm_cp.3_0                             0x000001e4   Number         4  dl_i2c.o(.text.DL_I2C_flushControllerTXFIFO)
    [Anonymous Symbol]                       0x000001e8   Section        0  dl_i2c.o(.text.DL_I2C_setClockConfig)
    [Anonymous Symbol]                       0x00000210   Section        0  dl_timer.o(.text.DL_Timer_initPWMMode)
    __arm_cp.11_1                            0x000002bc   Number         4  dl_timer.o(.text.DL_Timer_initPWMMode)
    __arm_cp.11_2                            0x000002c0   Number         4  dl_timer.o(.text.DL_Timer_initPWMMode)
    __arm_cp.11_3                            0x000002c4   Number         4  dl_timer.o(.text.DL_Timer_initPWMMode)
    __arm_cp.11_4                            0x000002c8   Number         4  dl_timer.o(.text.DL_Timer_initPWMMode)
    __arm_cp.11_6                            0x000002cc   Number         4  dl_timer.o(.text.DL_Timer_initPWMMode)
    [Anonymous Symbol]                       0x000002d0   Section        0  dl_timer.o(.text.DL_Timer_initTimerMode)
    __arm_cp.2_0                             0x000003ac   Number         4  dl_timer.o(.text.DL_Timer_initTimerMode)
    __arm_cp.2_1                             0x000003b0   Number         4  dl_timer.o(.text.DL_Timer_initTimerMode)
    __arm_cp.2_2                             0x000003b4   Number         4  dl_timer.o(.text.DL_Timer_initTimerMode)
    [Anonymous Symbol]                       0x000003b8   Section        0  dl_timer.o(.text.DL_Timer_setCaptCompUpdateMethod)
    __arm_cp.26_0                            0x000003d0   Number         4  dl_timer.o(.text.DL_Timer_setCaptCompUpdateMethod)
    [Anonymous Symbol]                       0x000003d4   Section        0  dl_timer.o(.text.DL_Timer_setCaptureCompareOutCtl)
    __arm_cp.13_0                            0x000003e8   Number         4  dl_timer.o(.text.DL_Timer_setCaptureCompareOutCtl)
    [Anonymous Symbol]                       0x000003ec   Section        0  dl_timer.o(.text.DL_Timer_setCaptureCompareValue)
    __arm_cp.3_0                             0x000003f8   Number         4  dl_timer.o(.text.DL_Timer_setCaptureCompareValue)
    [Anonymous Symbol]                       0x000003fc   Section        0  dl_timer.o(.text.DL_Timer_setClockConfig)
    __arm_cp.0_0                             0x00000414   Number         4  dl_timer.o(.text.DL_Timer_setClockConfig)
    [Anonymous Symbol]                       0x00000418   Section        0  dl_uart.o(.text.DL_UART_init)
    __arm_cp.0_0                             0x00000458   Number         4  dl_uart.o(.text.DL_UART_init)
    __arm_cp.0_1                             0x0000045c   Number         4  dl_uart.o(.text.DL_UART_init)
    [Anonymous Symbol]                       0x00000460   Section        0  dl_uart.o(.text.DL_UART_setClockConfig)
    [Anonymous Symbol]                       0x00000474   Section        0  drv_oled.o(.text.Draw_Logo)
    __arm_cp.9_0                             0x000004e0   Number         4  drv_oled.o(.text.Draw_Logo)
    [Anonymous Symbol]                       0x000004e4   Section        0  main.o(.text.GROUP1_IRQHandler)
    __arm_cp.18_0                            0x000005ac   Number         4  main.o(.text.GROUP1_IRQHandler)
    __arm_cp.18_1                            0x000005b0   Number         4  main.o(.text.GROUP1_IRQHandler)
    __arm_cp.18_2                            0x000005b4   Number         4  main.o(.text.GROUP1_IRQHandler)
    __arm_cp.18_3                            0x000005b8   Number         4  main.o(.text.GROUP1_IRQHandler)
    __arm_cp.18_4                            0x000005bc   Number         4  main.o(.text.GROUP1_IRQHandler)
    [Anonymous Symbol]                       0x000005c0   Section        0  drv_oled.o(.text.LCD_clear_L)
    [Anonymous Symbol]                       0x00000652   Section        0  drv_oled.o(.text.OLED_Fill)
    [Anonymous Symbol]                       0x000006b4   Section        0  drv_oled.o(.text.OLED_WrCmd)
    [Anonymous Symbol]                       0x000006cc   Section        0  ti_msp_dl_config.o(.text.SYSCFG_DL_GPIO_init)
    __arm_cp.2_0                             0x00000774   Number         4  ti_msp_dl_config.o(.text.SYSCFG_DL_GPIO_init)
    __arm_cp.2_1                             0x00000778   Number         4  ti_msp_dl_config.o(.text.SYSCFG_DL_GPIO_init)
    __arm_cp.2_2                             0x0000077c   Number         4  ti_msp_dl_config.o(.text.SYSCFG_DL_GPIO_init)
    __arm_cp.2_3                             0x00000780   Number         4  ti_msp_dl_config.o(.text.SYSCFG_DL_GPIO_init)
    __arm_cp.2_4                             0x00000784   Number         4  ti_msp_dl_config.o(.text.SYSCFG_DL_GPIO_init)
    __arm_cp.2_5                             0x00000788   Number         4  ti_msp_dl_config.o(.text.SYSCFG_DL_GPIO_init)
    __arm_cp.2_6                             0x0000078c   Number         4  ti_msp_dl_config.o(.text.SYSCFG_DL_GPIO_init)
    __arm_cp.2_7                             0x00000790   Number         4  ti_msp_dl_config.o(.text.SYSCFG_DL_GPIO_init)
    [Anonymous Symbol]                       0x00000794   Section        0  ti_msp_dl_config.o(.text.SYSCFG_DL_I2C_0_init)
    __arm_cp.6_1                             0x000007dc   Number         4  ti_msp_dl_config.o(.text.SYSCFG_DL_I2C_0_init)
    __arm_cp.6_2                             0x000007e0   Number         4  ti_msp_dl_config.o(.text.SYSCFG_DL_I2C_0_init)
    [Anonymous Symbol]                       0x000007e4   Section        0  ti_msp_dl_config.o(.text.SYSCFG_DL_PWM_0_init)
    __arm_cp.4_0                             0x00000850   Number         4  ti_msp_dl_config.o(.text.SYSCFG_DL_PWM_0_init)
    __arm_cp.4_1                             0x00000854   Number         4  ti_msp_dl_config.o(.text.SYSCFG_DL_PWM_0_init)
    __arm_cp.4_2                             0x00000858   Number         4  ti_msp_dl_config.o(.text.SYSCFG_DL_PWM_0_init)
    __arm_cp.4_3                             0x0000085c   Number         4  ti_msp_dl_config.o(.text.SYSCFG_DL_PWM_0_init)
    [Anonymous Symbol]                       0x00000860   Section        0  ti_msp_dl_config.o(.text.SYSCFG_DL_SYSCTL_init)
    __arm_cp.3_0                             0x0000088c   Number         4  ti_msp_dl_config.o(.text.SYSCFG_DL_SYSCTL_init)
    __arm_cp.3_1                             0x00000890   Number         4  ti_msp_dl_config.o(.text.SYSCFG_DL_SYSCTL_init)
    __arm_cp.3_2                             0x00000894   Number         4  ti_msp_dl_config.o(.text.SYSCFG_DL_SYSCTL_init)
    [Anonymous Symbol]                       0x00000898   Section        0  ti_msp_dl_config.o(.text.SYSCFG_DL_TIMER_0_init)
    __arm_cp.5_0                             0x000008bc   Number         4  ti_msp_dl_config.o(.text.SYSCFG_DL_TIMER_0_init)
    __arm_cp.5_1                             0x000008c0   Number         4  ti_msp_dl_config.o(.text.SYSCFG_DL_TIMER_0_init)
    __arm_cp.5_2                             0x000008c4   Number         4  ti_msp_dl_config.o(.text.SYSCFG_DL_TIMER_0_init)
    __arm_cp.5_3                             0x000008c8   Number         4  ti_msp_dl_config.o(.text.SYSCFG_DL_TIMER_0_init)
    __arm_cp.5_4                             0x000008cc   Number         4  ti_msp_dl_config.o(.text.SYSCFG_DL_TIMER_0_init)
    [Anonymous Symbol]                       0x000008d0   Section        0  ti_msp_dl_config.o(.text.SYSCFG_DL_UART_0_init)
    __arm_cp.7_0                             0x00000934   Number         4  ti_msp_dl_config.o(.text.SYSCFG_DL_UART_0_init)
    __arm_cp.7_1                             0x00000938   Number         4  ti_msp_dl_config.o(.text.SYSCFG_DL_UART_0_init)
    __arm_cp.7_2                             0x0000093c   Number         4  ti_msp_dl_config.o(.text.SYSCFG_DL_UART_0_init)
    __arm_cp.7_3                             0x00000940   Number         4  ti_msp_dl_config.o(.text.SYSCFG_DL_UART_0_init)
    __arm_cp.7_4                             0x00000944   Number         4  ti_msp_dl_config.o(.text.SYSCFG_DL_UART_0_init)
    __arm_cp.7_5                             0x00000948   Number         4  ti_msp_dl_config.o(.text.SYSCFG_DL_UART_0_init)
    __arm_cp.7_6                             0x0000094c   Number         4  ti_msp_dl_config.o(.text.SYSCFG_DL_UART_0_init)
    [Anonymous Symbol]                       0x00000950   Section        0  ti_msp_dl_config.o(.text.SYSCFG_DL_init)
    [Anonymous Symbol]                       0x00000970   Section        0  ti_msp_dl_config.o(.text.SYSCFG_DL_initPower)
    __arm_cp.1_0                             0x0000099c   Number         4  ti_msp_dl_config.o(.text.SYSCFG_DL_initPower)
    __arm_cp.1_1                             0x000009a0   Number         4  ti_msp_dl_config.o(.text.SYSCFG_DL_initPower)
    __arm_cp.1_2                             0x000009a4   Number         4  ti_msp_dl_config.o(.text.SYSCFG_DL_initPower)
    __arm_cp.1_3                             0x000009a8   Number         4  ti_msp_dl_config.o(.text.SYSCFG_DL_initPower)
    __arm_cp.1_4                             0x000009ac   Number         4  ti_msp_dl_config.o(.text.SYSCFG_DL_initPower)
    __arm_cp.1_5                             0x000009b0   Number         4  ti_msp_dl_config.o(.text.SYSCFG_DL_initPower)
    __arm_cp.1_6                             0x000009b4   Number         4  ti_msp_dl_config.o(.text.SYSCFG_DL_initPower)
    [Anonymous Symbol]                       0x000009b8   Section        0  main.o(.text.TIMG0_IRQHandler)
    __arm_cp.17_0                            0x000009dc   Number         4  main.o(.text.TIMG0_IRQHandler)
    __arm_cp.17_1                            0x000009e0   Number         4  main.o(.text.TIMG0_IRQHandler)
    __arm_cp.17_2                            0x000009e4   Number         4  main.o(.text.TIMG0_IRQHandler)
    __arm_cp.17_3                            0x000009e8   Number         4  main.o(.text.TIMG0_IRQHandler)
    __arm_cp.17_4                            0x000009ec   Number         4  main.o(.text.TIMG0_IRQHandler)
    __arm_cp.17_5                            0x000009f0   Number         4  main.o(.text.TIMG0_IRQHandler)
    [Anonymous Symbol]                       0x000009f4   Section        0  drv_i2c.o(.text.i2c0_write_n_byte)
    __arm_cp.0_0                             0x00000aa8   Number         4  drv_i2c.o(.text.i2c0_write_n_byte)
    __arm_cp.0_1                             0x00000aac   Number         4  drv_i2c.o(.text.i2c0_write_n_byte)
    __arm_cp.0_2                             0x00000ab0   Number         4  drv_i2c.o(.text.i2c0_write_n_byte)
    __arm_cp.0_3                             0x00000ab4   Number         4  drv_i2c.o(.text.i2c0_write_n_byte)
    __arm_cp.0_4                             0x00000ab8   Number         4  drv_i2c.o(.text.i2c0_write_n_byte)
    [Anonymous Symbol]                       0x00000abc   Section        0  main.o(.text.main)
    __arm_cp.16_0                            0x00000ae8   Number         4  main.o(.text.main)
    __arm_cp.16_1                            0x00000aec   Number         4  main.o(.text.main)
    [Anonymous Symbol]                       0x00000af0   Section        0  drv_oled.o(.text.oled_init)
    [Anonymous Symbol]                       0x00000b14   Section        0  ssd1306.o(.text.ssd1306_begin)
    __arm_cp.4_0                             0x00000c18   Number         4  ssd1306.o(.text.ssd1306_begin)
    __arm_cp.4_1                             0x00000c1c   Number         4  ssd1306.o(.text.ssd1306_begin)
    __arm_cp.4_2                             0x00000c20   Number         4  ssd1306.o(.text.ssd1306_begin)
    __arm_cp.4_3                             0x00000c24   Number         4  ssd1306.o(.text.ssd1306_begin)
    __arm_cp.4_4                             0x00000c28   Number         4  ssd1306.o(.text.ssd1306_begin)
    __arm_cp.4_5                             0x00000c2c   Number         4  ssd1306.o(.text.ssd1306_begin)
    __arm_cp.4_6                             0x00000c30   Number         4  ssd1306.o(.text.ssd1306_begin)
    __arm_cp.4_7                             0x00000c34   Number         4  ssd1306.o(.text.ssd1306_begin)
    __arm_cp.4_8                             0x00000c38   Number         4  ssd1306.o(.text.ssd1306_begin)
    __arm_cp.4_9                             0x00000c3c   Number         4  ssd1306.o(.text.ssd1306_begin)
    __arm_cp.4_10                            0x00000c40   Number         4  ssd1306.o(.text.ssd1306_begin)
    __arm_cp.4_11                            0x00000c44   Number         4  ssd1306.o(.text.ssd1306_begin)
    __arm_cp.4_12                            0x00000c48   Number         4  ssd1306.o(.text.ssd1306_begin)
    i.__scatterload_copy                     0x00000c50   Section       14  handlers.o(i.__scatterload_copy)
    i.__scatterload_null                     0x00000c60   Section        2  handlers.o(i.__scatterload_null)
    i.__scatterload_zeroinit                 0x00000c68   Section       14  handlers.o(i.__scatterload_zeroinit)
    gI2C_0ClockConfig                        0x00001076   Data           2  ti_msp_dl_config.o(.rodata.gI2C_0ClockConfig)
    [Anonymous Symbol]                       0x00001076   Section        0  ti_msp_dl_config.o(.rodata.gI2C_0ClockConfig)
    gPWM_0ClockConfig                        0x00001078   Data           3  ti_msp_dl_config.o(.rodata.gPWM_0ClockConfig)
    [Anonymous Symbol]                       0x00001078   Section        0  ti_msp_dl_config.o(.rodata.gPWM_0ClockConfig)
    gPWM_0Config                             0x0000107c   Data           8  ti_msp_dl_config.o(.rodata.gPWM_0Config)
    [Anonymous Symbol]                       0x0000107c   Section        0  ti_msp_dl_config.o(.rodata.gPWM_0Config)
    gTIMER_0ClockConfig                      0x00001084   Data           3  ti_msp_dl_config.o(.rodata.gTIMER_0ClockConfig)
    [Anonymous Symbol]                       0x00001084   Section        0  ti_msp_dl_config.o(.rodata.gTIMER_0ClockConfig)
    gTIMER_0TimerConfig                      0x00001088   Data          20  ti_msp_dl_config.o(.rodata.gTIMER_0TimerConfig)
    [Anonymous Symbol]                       0x00001088   Section        0  ti_msp_dl_config.o(.rodata.gTIMER_0TimerConfig)
    gUART_0ClockConfig                       0x0000109c   Data           2  ti_msp_dl_config.o(.rodata.gUART_0ClockConfig)
    [Anonymous Symbol]                       0x0000109c   Section        0  ti_msp_dl_config.o(.rodata.gUART_0ClockConfig)
    gUART_0Config                            0x0000109e   Data          10  ti_msp_dl_config.o(.rodata.gUART_0Config)
    [Anonymous Symbol]                       0x0000109e   Section        0  ti_msp_dl_config.o(.rodata.gUART_0Config)
    HEIGHT                                   0x20000000   Data           1  ssd1306.o(.bss.HEIGHT)
    [Anonymous Symbol]                       0x20000000   Section        0  ssd1306.o(.bss.HEIGHT)
    WIDTH                                    0x20000002   Data           1  ssd1306.o(.bss.WIDTH)
    [Anonymous Symbol]                       0x20000002   Section        0  ssd1306.o(.bss.WIDTH)
    _height                                  0x20000004   Data           2  ssd1306.o(.bss._height)
    [Anonymous Symbol]                       0x20000004   Section        0  ssd1306.o(.bss._height)
    _vccstate                                0x20000006   Data           1  ssd1306.o(.bss._vccstate)
    [Anonymous Symbol]                       0x20000006   Section        0  ssd1306.o(.bss._vccstate)
    _width                                   0x20000008   Data           2  ssd1306.o(.bss._width)
    [Anonymous Symbol]                       0x20000008   Section        0  ssd1306.o(.bss._width)
    cursor_x                                 0x2000000a   Data           2  ssd1306.o(.bss.cursor_x)
    [Anonymous Symbol]                       0x2000000a   Section        0  ssd1306.o(.bss.cursor_x)
    cursor_y                                 0x2000000c   Data           2  ssd1306.o(.bss.cursor_y)
    [Anonymous Symbol]                       0x2000000c   Section        0  ssd1306.o(.bss.cursor_y)
    i2c0_write_n_byte.temp_reg_dddr          0x2000000e   Data           1  drv_i2c.o(.bss.i2c0_write_n_byte.temp_reg_dddr)
    [Anonymous Symbol]                       0x2000000e   Section        0  drv_i2c.o(.bss.i2c0_write_n_byte.temp_reg_dddr)
    rotation                                 0x20000028   Data           1  ssd1306.o(.bss.rotation)
    [Anonymous Symbol]                       0x20000028   Section        0  ssd1306.o(.bss.rotation)
    textbgcolor                              0x2000002a   Data           2  ssd1306.o(.bss.textbgcolor)
    [Anonymous Symbol]                       0x2000002a   Section        0  ssd1306.o(.bss.textbgcolor)
    textcolor                                0x2000002c   Data           2  ssd1306.o(.bss.textcolor)
    [Anonymous Symbol]                       0x2000002c   Section        0  ssd1306.o(.bss.textcolor)
    textsize                                 0x2000002e   Data           1  ssd1306.o(.bss.textsize)
    [Anonymous Symbol]                       0x2000002e   Section        0  ssd1306.o(.bss.textsize)
    STACK                                    0x20000030   Section      256  startup_mspm0l1306_uvision.o(STACK)

    Global Symbols

    Symbol Name                              Value     Ov Type        Size  Object(Section)

    BuildAttributes$$THM_ISAv3M$S$PE$A:L22$X:L11$S22$IEEE1$IW$~IW$USESV6$~STKCKD$USESV7$~SHL$OTIME$ROPI$IEEEX$EBA8$MICROLIB$REQ8$PRES8$EABIv2 0x00000000   Number         0  anon$$obj.o ABSOLUTE
    __Vectors                                0x00000000   Data           4  startup_mspm0l1306_uvision.o(RESET)
    _printf_a                                0x00000000   Number         0  printfstubs.o ABSOLUTE
    _printf_c                                0x00000000   Number         0  printfstubs.o ABSOLUTE
    _printf_charcount                        0x00000000   Number         0  printfstubs.o ABSOLUTE
    _printf_d                                0x00000000   Number         0  printfstubs.o ABSOLUTE
    _printf_e                                0x00000000   Number         0  printfstubs.o ABSOLUTE
    _printf_f                                0x00000000   Number         0  printfstubs.o ABSOLUTE
    _printf_flags                            0x00000000   Number         0  printfstubs.o ABSOLUTE
    _printf_fp_dec                           0x00000000   Number         0  printfstubs.o ABSOLUTE
    _printf_fp_hex                           0x00000000   Number         0  printfstubs.o ABSOLUTE
    _printf_g                                0x00000000   Number         0  printfstubs.o ABSOLUTE
    _printf_i                                0x00000000   Number         0  printfstubs.o ABSOLUTE
    _printf_int_dec                          0x00000000   Number         0  printfstubs.o ABSOLUTE
    _printf_l                                0x00000000   Number         0  printfstubs.o ABSOLUTE
    _printf_lc                               0x00000000   Number         0  printfstubs.o ABSOLUTE
    _printf_ll                               0x00000000   Number         0  printfstubs.o ABSOLUTE
    _printf_lld                              0x00000000   Number         0  printfstubs.o ABSOLUTE
    _printf_lli                              0x00000000   Number         0  printfstubs.o ABSOLUTE
    _printf_llo                              0x00000000   Number         0  printfstubs.o ABSOLUTE
    _printf_llu                              0x00000000   Number         0  printfstubs.o ABSOLUTE
    _printf_llx                              0x00000000   Number         0  printfstubs.o ABSOLUTE
    _printf_longlong_dec                     0x00000000   Number         0  printfstubs.o ABSOLUTE
    _printf_longlong_hex                     0x00000000   Number         0  printfstubs.o ABSOLUTE
    _printf_longlong_oct                     0x00000000   Number         0  printfstubs.o ABSOLUTE
    _printf_ls                               0x00000000   Number         0  printfstubs.o ABSOLUTE
    _printf_mbtowc                           0x00000000   Number         0  printfstubs.o ABSOLUTE
    _printf_n                                0x00000000   Number         0  printfstubs.o ABSOLUTE
    _printf_o                                0x00000000   Number         0  printfstubs.o ABSOLUTE
    _printf_p                                0x00000000   Number         0  printfstubs.o ABSOLUTE
    _printf_percent                          0x00000000   Number         0  printfstubs.o ABSOLUTE
    _printf_pre_padding                      0x00000000   Number         0  printfstubs.o ABSOLUTE
    _printf_return_value                     0x00000000   Number         0  printfstubs.o ABSOLUTE
    _printf_s                                0x00000000   Number         0  printfstubs.o ABSOLUTE
    _printf_sizespec                         0x00000000   Number         0  printfstubs.o ABSOLUTE
    _printf_str                              0x00000000   Number         0  printfstubs.o ABSOLUTE
    _printf_truncate_signed                  0x00000000   Number         0  printfstubs.o ABSOLUTE
    _printf_truncate_unsigned                0x00000000   Number         0  printfstubs.o ABSOLUTE
    _printf_u                                0x00000000   Number         0  printfstubs.o ABSOLUTE
    _printf_wc                               0x00000000   Number         0  printfstubs.o ABSOLUTE
    _printf_wctomb                           0x00000000   Number         0  printfstubs.o ABSOLUTE
    _printf_widthprec                        0x00000000   Number         0  printfstubs.o ABSOLUTE
    _printf_x                                0x00000000   Number         0  printfstubs.o ABSOLUTE
    __cpp_initialize__aeabi_                  - Undefined Weak Reference
    __cxa_finalize                            - Undefined Weak Reference
    __decompress                              - Undefined Weak Reference
    _clock_init                               - Undefined Weak Reference
    _microlib_exit                            - Undefined Weak Reference
    __Vectors_End                            0x000000c0   Data           0  startup_mspm0l1306_uvision.o(RESET)
    __Vectors_Size                           0x000000c0   Number         0  startup_mspm0l1306_uvision.o ABSOLUTE
    __main                                   0x000000c1   Thumb Code     0  entry.o(.ARM.Collect$$$$00000000)
    _main_stk                                0x000000c1   Thumb Code     0  entry2.o(.ARM.Collect$$$$00000001)
    _main_scatterload                        0x000000c5   Thumb Code     0  entry5.o(.ARM.Collect$$$$00000004)
    __main_after_scatterload                 0x000000c9   Thumb Code     0  entry5.o(.ARM.Collect$$$$00000004)
    _main_clock                              0x000000c9   Thumb Code     0  entry7b.o(.ARM.Collect$$$$00000008)
    _main_cpp_init                           0x000000c9   Thumb Code     0  entry8b.o(.ARM.Collect$$$$0000000A)
    _main_init                               0x000000c9   Thumb Code     0  entry9a.o(.ARM.Collect$$$$0000000B)
    __rt_final_cpp                           0x000000d1   Thumb Code     0  entry10a.o(.ARM.Collect$$$$0000000D)
    __rt_final_exit                          0x000000d1   Thumb Code     0  entry11a.o(.ARM.Collect$$$$0000000F)
    Reset_Handler                            0x000000d5   Thumb Code     4  startup_mspm0l1306_uvision.o(.text)
    NMI_Handler                              0x000000d9   Thumb Code     2  startup_mspm0l1306_uvision.o(.text)
    HardFault_Handler                        0x000000db   Thumb Code     2  startup_mspm0l1306_uvision.o(.text)
    SVC_Handler                              0x000000dd   Thumb Code     2  startup_mspm0l1306_uvision.o(.text)
    PendSV_Handler                           0x000000df   Thumb Code     2  startup_mspm0l1306_uvision.o(.text)
    SysTick_Handler                          0x000000e1   Thumb Code     2  startup_mspm0l1306_uvision.o(.text)
    ADC0_IRQHandler                          0x000000e3   Thumb Code     0  startup_mspm0l1306_uvision.o(.text)
    DMA_IRQHandler                           0x000000e3   Thumb Code     0  startup_mspm0l1306_uvision.o(.text)
    Default_Handler                          0x000000e3   Thumb Code     2  startup_mspm0l1306_uvision.o(.text)
    GROUP0_IRQHandler                        0x000000e3   Thumb Code     0  startup_mspm0l1306_uvision.o(.text)
    I2C0_IRQHandler                          0x000000e3   Thumb Code     0  startup_mspm0l1306_uvision.o(.text)
    I2C1_IRQHandler                          0x000000e3   Thumb Code     0  startup_mspm0l1306_uvision.o(.text)
    SPI0_IRQHandler                          0x000000e3   Thumb Code     0  startup_mspm0l1306_uvision.o(.text)
    TIMG1_IRQHandler                         0x000000e3   Thumb Code     0  startup_mspm0l1306_uvision.o(.text)
    TIMG2_IRQHandler                         0x000000e3   Thumb Code     0  startup_mspm0l1306_uvision.o(.text)
    TIMG4_IRQHandler                         0x000000e3   Thumb Code     0  startup_mspm0l1306_uvision.o(.text)
    UART0_IRQHandler                         0x000000e3   Thumb Code     0  startup_mspm0l1306_uvision.o(.text)
    UART1_IRQHandler                         0x000000e3   Thumb Code     0  startup_mspm0l1306_uvision.o(.text)
    __scatterload                            0x000000e9   Thumb Code    38  init.o(.text)
    __scatterload_rt2                        0x000000e9   Thumb Code     0  init.o(.text)
    DL_Common_delayCycles                    0x00000119   Thumb Code    10  dl_common.o(.text.DL_Common_delayCycles)
    DL_I2C_fillControllerTXFIFO              0x00000123   Thumb Code   128  dl_i2c.o(.text.DL_I2C_fillControllerTXFIFO)
    DL_I2C_flushControllerTXFIFO             0x000001a5   Thumb Code    64  dl_i2c.o(.text.DL_I2C_flushControllerTXFIFO)
    DL_I2C_setClockConfig                    0x000001e9   Thumb Code    38  dl_i2c.o(.text.DL_I2C_setClockConfig)
    DL_Timer_initPWMMode                     0x00000211   Thumb Code   172  dl_timer.o(.text.DL_Timer_initPWMMode)
    DL_Timer_initTimerMode                   0x000002d1   Thumb Code   220  dl_timer.o(.text.DL_Timer_initTimerMode)
    DL_Timer_setCaptCompUpdateMethod         0x000003b9   Thumb Code    24  dl_timer.o(.text.DL_Timer_setCaptCompUpdateMethod)
    DL_Timer_setCaptureCompareOutCtl         0x000003d5   Thumb Code    20  dl_timer.o(.text.DL_Timer_setCaptureCompareOutCtl)
    DL_Timer_setCaptureCompareValue          0x000003ed   Thumb Code    12  dl_timer.o(.text.DL_Timer_setCaptureCompareValue)
    DL_Timer_setClockConfig                  0x000003fd   Thumb Code    24  dl_timer.o(.text.DL_Timer_setClockConfig)
    DL_UART_init                             0x00000419   Thumb Code    64  dl_uart.o(.text.DL_UART_init)
    DL_UART_setClockConfig                   0x00000461   Thumb Code    18  dl_uart.o(.text.DL_UART_setClockConfig)
    Draw_Logo                                0x00000475   Thumb Code   108  drv_oled.o(.text.Draw_Logo)
    GROUP1_IRQHandler                        0x000004e5   Thumb Code   200  main.o(.text.GROUP1_IRQHandler)
    LCD_clear_L                              0x000005c1   Thumb Code   146  drv_oled.o(.text.LCD_clear_L)
    OLED_Fill                                0x00000653   Thumb Code    98  drv_oled.o(.text.OLED_Fill)
    OLED_WrCmd                               0x000006b5   Thumb Code    22  drv_oled.o(.text.OLED_WrCmd)
    SYSCFG_DL_GPIO_init                      0x000006cd   Thumb Code   168  ti_msp_dl_config.o(.text.SYSCFG_DL_GPIO_init)
    SYSCFG_DL_I2C_0_init                     0x00000795   Thumb Code    72  ti_msp_dl_config.o(.text.SYSCFG_DL_I2C_0_init)
    SYSCFG_DL_PWM_0_init                     0x000007e5   Thumb Code   108  ti_msp_dl_config.o(.text.SYSCFG_DL_PWM_0_init)
    SYSCFG_DL_SYSCTL_init                    0x00000861   Thumb Code    44  ti_msp_dl_config.o(.text.SYSCFG_DL_SYSCTL_init)
    SYSCFG_DL_TIMER_0_init                   0x00000899   Thumb Code    36  ti_msp_dl_config.o(.text.SYSCFG_DL_TIMER_0_init)
    SYSCFG_DL_UART_0_init                    0x000008d1   Thumb Code   100  ti_msp_dl_config.o(.text.SYSCFG_DL_UART_0_init)
    SYSCFG_DL_init                           0x00000951   Thumb Code    32  ti_msp_dl_config.o(.text.SYSCFG_DL_init)
    SYSCFG_DL_initPower                      0x00000971   Thumb Code    44  ti_msp_dl_config.o(.text.SYSCFG_DL_initPower)
    TIMG0_IRQHandler                         0x000009b9   Thumb Code    36  main.o(.text.TIMG0_IRQHandler)
    i2c0_write_n_byte                        0x000009f5   Thumb Code   180  drv_i2c.o(.text.i2c0_write_n_byte)
    main                                     0x00000abd   Thumb Code    44  main.o(.text.main)
    oled_init                                0x00000af1   Thumb Code    36  drv_oled.o(.text.oled_init)
    ssd1306_begin                            0x00000b15   Thumb Code   260  ssd1306.o(.text.ssd1306_begin)
    __scatterload_copy                       0x00000c51   Thumb Code    14  handlers.o(i.__scatterload_copy)
    __scatterload_null                       0x00000c61   Thumb Code     2  handlers.o(i.__scatterload_null)
    __scatterload_zeroinit                   0x00000c69   Thumb Code    14  handlers.o(i.__scatterload_zeroinit)
    NC_Logo                                  0x00000c76   Data        1024  drv_oled.o(.rodata.NC_Logo)
    Region$$Table$$Base                      0x000010a8   Number         0  anon$$obj.o(Region$$Table)
    Region$$Table$$Limit                     0x000010b8   Number         0  anon$$obj.o(Region$$Table)
    _cp437                                   0x20000003   Data           1  ssd1306.o(.bss._cp437)
    l_encoder_l_count                        0x20000010   Data           4  main.o(.bss.l_encoder_l_count)
    l_encoder_speed                          0x20000014   Data           4  main.o(.bss.l_encoder_speed)
    l_last_encoder_count                     0x20000018   Data           4  main.o(.bss.l_last_encoder_count)
    r_encoder_l_count                        0x2000001c   Data           4  main.o(.bss.r_encoder_l_count)
    r_encoder_speed                          0x20000020   Data           4  main.o(.bss.r_encoder_speed)
    r_last_encoder_count                     0x20000024   Data           4  main.o(.bss.r_last_encoder_count)
    wrap                                     0x2000002f   Data           1  ssd1306.o(.bss.wrap)
    __initial_sp                             0x20000130   Data           0  startup_mspm0l1306_uvision.o(STACK)



==============================================================================

Memory Map of the image

  Image Entry point : 0x000000c1

  Load Region LR_IROM1 (Base: 0x00000000, Size: 0x000010b8, Max: 0x0000fff8, ABSOLUTE)

    Execution Region ER_IROM1 (Exec base: 0x00000000, Load base: 0x00000000, Size: 0x000010b8, Max: 0x0000fff8, ABSOLUTE)

    Exec Addr    Load Addr    Size         Type   Attr      Idx    E Section Name        Object

    0x00000000   0x00000000   0x000000c0   Data   RO          757    RESET               startup_mspm0l1306_uvision.o
    0x000000c0   0x000000c0   0x00000000   Code   RO         1012  * .ARM.Collect$$$$00000000  mc_p.l(entry.o)
    0x000000c0   0x000000c0   0x00000004   Code   RO         1336    .ARM.Collect$$$$00000001  mc_p.l(entry2.o)
    0x000000c4   0x000000c4   0x00000004   Code   RO         1339    .ARM.Collect$$$$00000004  mc_p.l(entry5.o)
    0x000000c8   0x000000c8   0x00000000   Code   RO         1341    .ARM.Collect$$$$00000008  mc_p.l(entry7b.o)
    0x000000c8   0x000000c8   0x00000000   Code   RO         1343    .ARM.Collect$$$$0000000A  mc_p.l(entry8b.o)
    0x000000c8   0x000000c8   0x00000008   Code   RO         1344    .ARM.Collect$$$$0000000B  mc_p.l(entry9a.o)
    0x000000d0   0x000000d0   0x00000000   Code   RO         1346    .ARM.Collect$$$$0000000D  mc_p.l(entry10a.o)
    0x000000d0   0x000000d0   0x00000000   Code   RO         1348    .ARM.Collect$$$$0000000F  mc_p.l(entry11a.o)
    0x000000d0   0x000000d0   0x00000004   Code   RO         1337    .ARM.Collect$$$$00002712  mc_p.l(entry2.o)
    0x000000d4   0x000000d4   0x00000014   Code   RO          758    .text               startup_mspm0l1306_uvision.o
    0x000000e8   0x000000e8   0x00000030   Code   RO         1397    .text               mc_p.l(init.o)
    0x00000118   0x00000118   0x0000000a   Code   RO           16    .text.DL_Common_delayCycles  dl_common.o
    0x00000122   0x00000122   0x00000080   Code   RO          217    .text.DL_I2C_fillControllerTXFIFO  dl_i2c.o
    0x000001a2   0x000001a2   0x00000002   PAD
    0x000001a4   0x000001a4   0x00000044   Code   RO          219    .text.DL_I2C_flushControllerTXFIFO  dl_i2c.o
    0x000001e8   0x000001e8   0x00000026   Code   RO          213    .text.DL_I2C_setClockConfig  dl_i2c.o
    0x0000020e   0x0000020e   0x00000002   PAD
    0x00000210   0x00000210   0x000000c0   Code   RO          339    .text.DL_Timer_initPWMMode  dl_timer.o
    0x000002d0   0x000002d0   0x000000e8   Code   RO          321    .text.DL_Timer_initTimerMode  dl_timer.o
    0x000003b8   0x000003b8   0x0000001c   Code   RO          369    .text.DL_Timer_setCaptCompUpdateMethod  dl_timer.o
    0x000003d4   0x000003d4   0x00000018   Code   RO          343    .text.DL_Timer_setCaptureCompareOutCtl  dl_timer.o
    0x000003ec   0x000003ec   0x00000010   Code   RO          323    .text.DL_Timer_setCaptureCompareValue  dl_timer.o
    0x000003fc   0x000003fc   0x0000001c   Code   RO          317    .text.DL_Timer_setClockConfig  dl_timer.o
    0x00000418   0x00000418   0x00000048   Code   RO          407    .text.DL_UART_init  dl_uart.o
    0x00000460   0x00000460   0x00000012   Code   RO          409    .text.DL_UART_setClockConfig  dl_uart.o
    0x00000472   0x00000472   0x00000002   PAD
    0x00000474   0x00000474   0x00000070   Code   RO          515    .text.Draw_Logo     drv_oled.o
    0x000004e4   0x000004e4   0x000000dc   Code   RO          713    .text.GROUP1_IRQHandler  main.o
    0x000005c0   0x000005c0   0x00000092   Code   RO          513    .text.LCD_clear_L   drv_oled.o
    0x00000652   0x00000652   0x00000062   Code   RO          503    .text.OLED_Fill     drv_oled.o
    0x000006b4   0x000006b4   0x00000016   Code   RO          499    .text.OLED_WrCmd    drv_oled.o
    0x000006ca   0x000006ca   0x00000002   PAD
    0x000006cc   0x000006cc   0x000000c8   Code   RO          769    .text.SYSCFG_DL_GPIO_init  ti_msp_dl_config.o
    0x00000794   0x00000794   0x00000050   Code   RO          777    .text.SYSCFG_DL_I2C_0_init  ti_msp_dl_config.o
    0x000007e4   0x000007e4   0x0000007c   Code   RO          773    .text.SYSCFG_DL_PWM_0_init  ti_msp_dl_config.o
    0x00000860   0x00000860   0x00000038   Code   RO          771    .text.SYSCFG_DL_SYSCTL_init  ti_msp_dl_config.o
    0x00000898   0x00000898   0x00000038   Code   RO          775    .text.SYSCFG_DL_TIMER_0_init  ti_msp_dl_config.o
    0x000008d0   0x000008d0   0x00000080   Code   RO          779    .text.SYSCFG_DL_UART_0_init  ti_msp_dl_config.o
    0x00000950   0x00000950   0x00000020   Code   RO          765    .text.SYSCFG_DL_init  ti_msp_dl_config.o
    0x00000970   0x00000970   0x00000048   Code   RO          767    .text.SYSCFG_DL_initPower  ti_msp_dl_config.o
    0x000009b8   0x000009b8   0x0000003c   Code   RO          711    .text.TIMG0_IRQHandler  main.o
    0x000009f4   0x000009f4   0x000000c8   Code   RO          666    .text.i2c0_write_n_byte  drv_i2c.o
    0x00000abc   0x00000abc   0x00000034   Code   RO          709    .text.main          main.o
    0x00000af0   0x00000af0   0x00000024   Code   RO          517    .text.oled_init     drv_oled.o
    0x00000b14   0x00000b14   0x00000138   Code   RO          548    .text.ssd1306_begin  ssd1306.o
    0x00000c4c   0x00000c4c   0x00000004   PAD
    0x00000c50   0x00000c50   0x0000000e   Code   RO         1407    i.__scatterload_copy  mc_p.l(handlers.o)
    0x00000c5e   0x00000c5e   0x00000002   PAD
    0x00000c60   0x00000c60   0x00000002   Code   RO         1408    i.__scatterload_null  mc_p.l(handlers.o)
    0x00000c62   0x00000c62   0x00000006   PAD
    0x00000c68   0x00000c68   0x0000000e   Code   RO         1409    i.__scatterload_zeroinit  mc_p.l(handlers.o)
    0x00000c76   0x00000c76   0x00000400   Data   RO          530    .rodata.NC_Logo     drv_oled.o
    0x00001076   0x00001076   0x00000002   Data   RO          785    .rodata.gI2C_0ClockConfig  ti_msp_dl_config.o
    0x00001078   0x00001078   0x00000003   Data   RO          781    .rodata.gPWM_0ClockConfig  ti_msp_dl_config.o
    0x0000107b   0x0000107b   0x00000001   PAD
    0x0000107c   0x0000107c   0x00000008   Data   RO          782    .rodata.gPWM_0Config  ti_msp_dl_config.o
    0x00001084   0x00001084   0x00000003   Data   RO          783    .rodata.gTIMER_0ClockConfig  ti_msp_dl_config.o
    0x00001087   0x00001087   0x00000001   PAD
    0x00001088   0x00001088   0x00000014   Data   RO          784    .rodata.gTIMER_0TimerConfig  ti_msp_dl_config.o
    0x0000109c   0x0000109c   0x00000002   Data   RO          786    .rodata.gUART_0ClockConfig  ti_msp_dl_config.o
    0x0000109e   0x0000109e   0x0000000a   Data   RO          787    .rodata.gUART_0Config  ti_msp_dl_config.o
    0x000010a8   0x000010a8   0x00000010   Data   RO         1406    Region$$Table       anon$$obj.o


    Execution Region RW_IRAM2 (Exec base: 0x20000000, Load base: 0x000010b8, Size: 0x00000130, Max: 0x00001000, ABSOLUTE)

    Exec Addr    Load Addr    Size         Type   Attr      Idx    E Section Name        Object

    0x20000000        -       0x00000001   Zero   RW          644    .bss.HEIGHT         ssd1306.o
    0x20000001   0x000010b8   0x00000001   PAD
    0x20000002        -       0x00000001   Zero   RW          643    .bss.WIDTH          ssd1306.o
    0x20000003        -       0x00000001   Zero   RW          652    .bss._cp437         ssd1306.o
    0x20000004        -       0x00000002   Zero   RW          641    .bss._height        ssd1306.o
    0x20000006        -       0x00000001   Zero   RW          645    .bss._vccstate      ssd1306.o
    0x20000007   0x000010b8   0x00000001   PAD
    0x20000008        -       0x00000002   Zero   RW          640    .bss._width         ssd1306.o
    0x2000000a        -       0x00000002   Zero   RW          646    .bss.cursor_x       ssd1306.o
    0x2000000c        -       0x00000002   Zero   RW          647    .bss.cursor_y       ssd1306.o
    0x2000000e        -       0x00000001   Zero   RW          668    .bss.i2c0_write_n_byte.temp_reg_dddr  drv_i2c.o
    0x2000000f   0x000010b8   0x00000001   PAD
    0x20000010        -       0x00000004   Zero   RW          715    .bss.l_encoder_l_count  main.o
    0x20000014        -       0x00000004   Zero   RW          717    .bss.l_encoder_speed  main.o
    0x20000018        -       0x00000004   Zero   RW          716    .bss.l_last_encoder_count  main.o
    0x2000001c        -       0x00000004   Zero   RW          718    .bss.r_encoder_l_count  main.o
    0x20000020        -       0x00000004   Zero   RW          720    .bss.r_encoder_speed  main.o
    0x20000024        -       0x00000004   Zero   RW          719    .bss.r_last_encoder_count  main.o
    0x20000028        -       0x00000001   Zero   RW          642    .bss.rotation       ssd1306.o
    0x20000029   0x000010b8   0x00000001   PAD
    0x2000002a        -       0x00000002   Zero   RW          649    .bss.textbgcolor    ssd1306.o
    0x2000002c        -       0x00000002   Zero   RW          650    .bss.textcolor      ssd1306.o
    0x2000002e        -       0x00000001   Zero   RW          648    .bss.textsize       ssd1306.o
    0x2000002f        -       0x00000001   Zero   RW          651    .bss.wrap           ssd1306.o
    0x20000030        -       0x00000100   Zero   RW          755    STACK               startup_mspm0l1306_uvision.o



  Load Region LR_BCR (Base: 0x41c00000, Size: 0x00000000, Max: 0x00000100, ABSOLUTE)

    Execution Region BCR_CONFIG (Exec base: 0x41c00000, Load base: 0x41c00000, Size: 0x00000000, Max: 0x00000080, ABSOLUTE)

    **** No section assigned to this execution region ****



  Load Region LR_BSL (Base: 0x41c00100, Size: 0x00000000, Max: 0x00000100, ABSOLUTE)

    Execution Region BSL_CONFIG (Exec base: 0x41c00100, Load base: 0x41c00100, Size: 0x00000000, Max: 0x00000080, ABSOLUTE)

    **** No section assigned to this execution region ****


==============================================================================

Image component sizes


      Code (inc. data)   RO Data    RW Data    ZI Data      Debug   Object Name

        10          0          0          0          0        639   dl_common.o
       234          4          0          0          0       9523   dl_i2c.o
       520        188          0          0          0      32259   dl_timer.o
        90          8          0          0          0      14558   dl_uart.o
       200         20          0          0          1       4749   drv_i2c.o
       414          4       1024          0          0       9892   drv_oled.o
       332         52          0          0         24      16925   main.o
       312         52          0          0         19      33285   ssd1306.o
        20          4        192          0        256        652   startup_mspm0l1306_uvision.o
       748        144         48          0          0      27959   ti_msp_dl_config.o

    ----------------------------------------------------------------------
      2892        480       1282          0        304     150441   Object Totals
         0          0         16          0          0          0   (incl. Generated)
        12          4          2          0          4          0   (incl. Padding)

    ----------------------------------------------------------------------

      Code (inc. data)   RO Data    RW Data    ZI Data      Debug   Library Member Name

         0          0          0          0          0          0   entry.o
         0          0          0          0          0          0   entry10a.o
         0          0          0          0          0          0   entry11a.o
         8          4          0          0          0          0   entry2.o
         4          0          0          0          0          0   entry5.o
         0          0          0          0          0          0   entry7b.o
         0          0          0          0          0          0   entry8b.o
         8          4          0          0          0          0   entry9a.o
        30          0          0          0          0          0   handlers.o
        48         10          0          0          0         68   init.o

    ----------------------------------------------------------------------
       106         18          0          0          0         68   Library Totals
         8          0          0          0          0          0   (incl. Padding)

    ----------------------------------------------------------------------

      Code (inc. data)   RO Data    RW Data    ZI Data      Debug   Library Name

        98         18          0          0          0         68   mc_p.l

    ----------------------------------------------------------------------
       106         18          0          0          0         68   Library Totals

    ----------------------------------------------------------------------

==============================================================================


      Code (inc. data)   RO Data    RW Data    ZI Data      Debug   

      2998        498       1282          0        304     150501   Grand Totals
      2998        498       1282          0        304     150501   ELF Image Totals
      2998        498       1282          0          0          0   ROM Totals

==============================================================================

    Total RO  Size (Code + RO Data)                 4280 (   4.18kB)
    Total RW  Size (RW Data + ZI Data)               304 (   0.30kB)
    Total ROM Size (Code + RO Data + RW Data)       4280 (   4.18kB)

==============================================================================

